 dll_TXT

 Timestamp is 58ad7ea9 (Wed Feb 22 12:06:01 2017)

 Preferred load address is 10000000

 Start         Length     Name                   Class
 0001:00000000 00007ffeH .text                   CODE
 0001:00008000 000004e4H .text$x                 CODE
 0001:000084f0 0000018dH .text$yc                CODE
 0001:00008680 000000cfH .text$yd                CODE
 0002:00000000 00000210H .idata$5                DATA
 0002:00000210 00000004H .CRT$XCA                DATA
 0002:00000214 00000004H .CRT$XCL                DATA
 0002:00000218 0000001cH .CRT$XCU                DATA
 0002:00000234 00000004H .CRT$XCZ                DATA
 0002:00000238 00000004H .CRT$XIA                DATA
 0002:0000023c 00000004H .CRT$XIAA               DATA
 0002:00000240 00000004H .CRT$XIC                DATA
 0002:00000244 00000004H .CRT$XIZ                DATA
 0002:00000250 00001110H .rdata                  DATA
 0002:00001360 00000080H .rdata$debug            DATA
 0002:000013e0 000003acH .rdata$r                DATA
 0002:00001790 0000004cH .rdata$sxdata           DATA
 0002:000017dc 00000004H .rtc$IAA                DATA
 0002:000017e0 00000008H .rtc$IMZ                DATA
 0002:000017e8 00000004H .rtc$IZZ                DATA
 0002:000017ec 00000004H .rtc$TAA                DATA
 0002:000017f0 00000008H .rtc$TMZ                DATA
 0002:000017f8 00000004H .rtc$TZZ                DATA
 0002:00001800 00000568H .xdata$x                DATA
 0002:00001d68 0000003cH .idata$2                DATA
 0002:00001da4 00000014H .idata$3                DATA
 0002:00001db8 00000210H .idata$4                DATA
 0002:00001fc8 00001056H .idata$6                DATA
 0002:00003020 00000049H .edata                  DATA
 0003:00000000 00000278H .data                   DATA
 0003:00000278 0000037cH .bss                    DATA
 0004:00000000 00000058H .rsrc$01                DATA
 0004:00000060 00000180H .rsrc$02                DATA

  Address         Publics by Value              Rva+Base       Lib:Object

 0000:00000000       __except_list              00000000     <absolute>
 0000:00000013       ___safe_se_handler_count   00000013     <absolute>
 0000:00009876       __fltused                  00009876     <absolute>
 0000:00009876       __ldused                   00009876     <absolute>
 0000:00000000       ___ImageBase               10000000     <linker-defined>
 0001:00000000       _DllMain@12                10001000 f   dllmain.obj
 0001:00000040       ??$_Allocate@D@std@@YAPADIPAD@Z 10001040 f i txt.obj
 0001:000000b0       ??$_Allocate@U_Container_proxy@std@@@std@@YAPAU_Container_proxy@0@IPAU10@@Z 100010b0 f i txt.obj
 0001:00000130       ??$_DebugHeapDelete@V_Facet_base@std@@@std@@YAXPAV_Facet_base@0@@Z 10001130 f i txt.obj
 0001:000001a0       ??$_Debug_pointer@D@std@@YAXPBDPB_WI@Z 100011a0 f i txt.obj
 0001:00000200       ??$_Fgetc@D@std@@YA_NAADPAU_iobuf@@@Z 10001200 f i txt.obj
 0001:00000270       ??$_Fputc@D@std@@YA_NDPAU_iobuf@@@Z 10001270 f i txt.obj
 0001:000002e0       ??$_Ungetc@D@std@@YA_NABDPAU_iobuf@@@Z 100012e0 f i txt.obj
 0001:00000350       ??$addressof@D@std@@YAPADAAD@Z 10001350 f i txt.obj
 0001:00000380       ??$construct@PADAAPAD@?$_Wrap_alloc@V?$allocator@D@std@@@std@@QAEXPAPADAAPAD@Z 10001380 f i txt.obj
 0001:000003e0       ??$construct@PADAAPAD@?$allocator@D@std@@QAEXPAPADAAPAD@Z 100013e0 f i txt.obj
 0001:000004b0       ??$construct@PADAAPAD@?$allocator_traits@V?$allocator@D@std@@@std@@SAXAAV?$allocator@D@1@PAPADAAPAD@Z 100014b0 f i txt.obj
 0001:00000500       ??$construct@U_Container_proxy@std@@U12@@?$allocator@U_Container_proxy@std@@@std@@QAEXPAU_Container_proxy@1@$$QAU21@@Z 10001500 f i txt.obj
 0001:000005d0       ??$destroy@PAD@?$_Wrap_alloc@V?$allocator@D@std@@@std@@QAEXPAPAD@Z 100015d0 f i txt.obj
 0001:00000620       ??$destroy@PAD@?$allocator@D@std@@QAEXPAPAD@Z 10001620 f i txt.obj
 0001:00000650       ??$destroy@PAD@?$allocator_traits@V?$allocator@D@std@@@std@@SAXAAV?$allocator@D@1@PAPAD@Z 10001650 f i txt.obj
 0001:00000690       ??$destroy@U_Container_proxy@std@@@?$allocator@U_Container_proxy@std@@@std@@QAEXPAU_Container_proxy@1@@Z 10001690 f i txt.obj
 0001:000006c0       ??$forward@AAPAD@std@@YAAAPADAAPAD@Z 100016c0 f i txt.obj
 0001:000006f0       ??$forward@U_Container_proxy@std@@@std@@YA$$QAU_Container_proxy@0@AAU10@@Z 100016f0 f i txt.obj
 0001:00000720       ??$use_facet@V?$codecvt@DDH@std@@@std@@YAABV?$codecvt@DDH@0@ABVlocale@0@@Z 10001720 f i txt.obj
 0001:000008e0       ??0?$_Iterator012@Urandom_access_iterator_tag@std@@DHPBDABDU_Iterator_base12@2@@std@@QAE@XZ 100018e0 f i txt.obj
 0001:00000930       ??0?$_String_alloc@$0A@U?$_String_base_types@DV?$allocator@D@std@@@std@@@std@@QAE@ABV?$allocator@D@1@@Z 10001930 f i txt.obj
 0001:000009c0       ??0?$_String_const_iterator@V?$_String_val@U?$_Simple_types@D@std@@@std@@@std@@QAE@PBDPBU_Container_base12@1@@Z 100019c0 f i txt.obj
 0001:00000a60       ??0?$_String_iterator@V?$_String_val@U?$_Simple_types@D@std@@@std@@@std@@QAE@PADPBU_Container_base12@1@@Z 10001a60 f i txt.obj
 0001:00000ab0       ??0?$_String_val@U?$_Simple_types@D@std@@@std@@QAE@XZ 10001ab0 f i txt.obj
 0001:00000b10       ??0?$_Wrap_alloc@V?$allocator@D@std@@@std@@QAE@XZ 10001b10 f i txt.obj
 0001:00000b60       ??0?$allocator@D@std@@QAE@XZ 10001b60 f i txt.obj
 0001:00000b90       ??0?$allocator@U_Container_proxy@std@@@std@@QAE@XZ 10001b90 f i txt.obj
 0001:00000bc0       ??0?$basic_filebuf@DU?$char_traits@D@std@@@std@@QAE@PAU_iobuf@@@Z 10001bc0 f i txt.obj
 0001:00000c60       ??0?$basic_ifstream@DU?$char_traits@D@std@@@std@@QAE@PBDHH@Z 10001c60 f i txt.obj
 0001:00000db0       ??0?$basic_string@DU?$char_traits@D@std@@V?$allocator@D@2@@std@@QAE@ID@Z 10001db0 f i txt.obj
 0001:00000e60       ??0?$basic_string@DU?$char_traits@D@std@@V?$allocator@D@2@@std@@QAE@PBD@Z 10001e60 f i txt.obj
 0001:00000f00       ??0?$basic_string@DU?$char_traits@D@std@@V?$allocator@D@2@@std@@QAE@XZ 10001f00 f i txt.obj
 0001:00000fa0       ??0?$fpos@H@std@@QAE@H_J@Z 10001fa0 f i txt.obj
 0001:00001000       ??0?$fpos@H@std@@QAE@_J@Z  10002000 f i txt.obj
 0001:00001060       ??0_Container_proxy@std@@QAE@XZ 10002060 f i txt.obj
 0001:000010a0       ??0_Generic_error_category@std@@QAE@XZ 100020a0 f i txt.obj
 0001:000010f0       ??0_Iostream_error_category@std@@QAE@XZ 100020f0 f i txt.obj
 0001:00001140       ??0_Iterator_base12@std@@QAE@XZ 10002140 f i txt.obj
 0001:00001180       ??0_System_error_category@std@@QAE@XZ 10002180 f i txt.obj
 0001:000011d0       ??0error_category@std@@QAE@XZ 100021d0 f i txt.obj
 0001:00001210       ??0error_condition@std@@QAE@HABVerror_category@1@@Z 10002210 f i txt.obj
 0001:00001250       ??1?$_Iterator012@Urandom_access_iterator_tag@std@@DHPBDABDU_Iterator_base12@2@@std@@QAE@XZ 10002250 f i txt.obj
 0001:00001290       ??1?$_String_alloc@$0A@U?$_String_base_types@DV?$allocator@D@std@@@std@@@std@@QAE@XZ 10002290 f i txt.obj
 0001:000012e0       ??1?$_String_const_iterator@V?$_String_val@U?$_Simple_types@D@std@@@std@@@std@@QAE@XZ 100022e0 f i txt.obj
 0001:00001320       ??1?$_String_iterator@V?$_String_val@U?$_Simple_types@D@std@@@std@@@std@@QAE@XZ 10002320 f i txt.obj
 0001:00001360       ??1?$_String_val@U?$_Simple_types@D@std@@@std@@QAE@XZ 10002360 f i txt.obj
 0001:000013b0       ??1?$basic_filebuf@DU?$char_traits@D@std@@@std@@UAE@XZ 100023b0 f i txt.obj
 0001:00001430       ??1?$basic_ifstream@DU?$char_traits@D@std@@@std@@UAE@XZ 10002430 f i txt.obj
 0001:000014c0       ??1?$basic_string@DU?$char_traits@D@std@@V?$allocator@D@2@@std@@QAE@XZ 100024c0 f i txt.obj
 0001:00001510       ??1_Generic_error_category@std@@UAE@XZ 10002510 f i txt.obj
 0001:00001550       ??1_Iostream_error_category@std@@UAE@XZ 10002550 f i txt.obj
 0001:00001590       ??1_Iterator_base12@std@@QAE@XZ 10002590 f i txt.obj
 0001:00001640       ??1_System_error_category@std@@UAE@XZ 10002640 f i txt.obj
 0001:00001680       ??1error_category@std@@UAE@XZ 10002680 f i txt.obj
 0001:000016c0       ??1locale@std@@QAE@XZ      100026c0 f i txt.obj
 0001:00001730       ??2@YAPAXIPAX@Z            10002730 f i txt.obj
 0001:00001760       ??3@YAXPAX0@Z              10002760 f i txt.obj
 0001:00001790       ??8error_category@std@@QBE_NABV01@@Z 10002790 f i txt.obj
 0001:000017e0       ??8error_condition@std@@QBE_NABV01@@Z 100027e0 f i txt.obj
 0001:00001870       ??B?$fpos@H@std@@QBE_JXZ   10002870 f i txt.obj
 0001:000018b0       ??D?$_String_const_iterator@V?$_String_val@U?$_Simple_types@D@std@@@std@@@std@@QBEABDXZ 100028b0 f i txt.obj
 0001:000019c0       ??D?$_String_iterator@V?$_String_val@U?$_Simple_types@D@std@@@std@@@std@@QBEAADXZ 100029c0 f i txt.obj
 0001:00001a00       ??_D?$basic_ifstream@DU?$char_traits@D@std@@@std@@QAEXXZ 10002a00 f i txt.obj
 0001:00001a57       ??_E?$basic_ifstream@DU?$char_traits@D@std@@@std@@$4PPPPPPPM@A@AEPAXI@Z 10002a57 f i txt.obj
 0001:00001a60       ??_E?$basic_filebuf@DU?$char_traits@D@std@@@std@@UAEPAXI@Z 10002a60 f i txt.obj
 0001:00001a60       ??_G?$basic_filebuf@DU?$char_traits@D@std@@@std@@UAEPAXI@Z 10002a60 f i txt.obj
 0001:00001ac0       ??_G?$basic_ifstream@DU?$char_traits@D@std@@@std@@UAEPAXI@Z 10002ac0 f i txt.obj
 0001:00001ac0       ??_E?$basic_ifstream@DU?$char_traits@D@std@@@std@@UAEPAXI@Z 10002ac0 f i txt.obj
 0001:00001b30       ??_E_Generic_error_category@std@@UAEPAXI@Z 10002b30 f i txt.obj
 0001:00001b30       ??_G_Generic_error_category@std@@UAEPAXI@Z 10002b30 f i txt.obj
 0001:00001b90       ??_G_Iostream_error_category@std@@UAEPAXI@Z 10002b90 f i txt.obj
 0001:00001b90       ??_E_Iostream_error_category@std@@UAEPAXI@Z 10002b90 f i txt.obj
 0001:00001bf0       ??_G_System_error_category@std@@UAEPAXI@Z 10002bf0 f i txt.obj
 0001:00001bf0       ??_E_System_error_category@std@@UAEPAXI@Z 10002bf0 f i txt.obj
 0001:00001c50       ??_Gerror_category@std@@UAEPAXI@Z 10002c50 f i txt.obj
 0001:00001c50       ??_Eerror_category@std@@UAEPAXI@Z 10002c50 f i txt.obj
 0001:00001ca8       ?_Add_vtordisp1@?$basic_istream@DU?$char_traits@D@std@@@std@@$4PPPPPPPM@FI@AEXXZ 10002ca8 f i txt.obj
 0001:00001cc0       ?_Adopt@_Iterator_base12@std@@QAEXPBU_Container_base12@2@@Z 10002cc0 f i txt.obj
 0001:00001e20       ?_Alloc_proxy@?$_String_alloc@$0A@U?$_String_base_types@DV?$allocator@D@std@@@std@@@std@@QAEXXZ 10002e20 f i txt.obj
 0001:00001ee0       ?_Chassign@?$basic_string@DU?$char_traits@D@std@@V?$allocator@D@2@@std@@QAEXIID@Z 10002ee0 f i txt.obj
 0001:00001f60       ?_Copy@?$basic_string@DU?$char_traits@D@std@@V?$allocator@D@2@@std@@QAEXII@Z 10002f60 f i txt.obj
 0001:000021a0       ?_Endwrite@?$basic_filebuf@DU?$char_traits@D@std@@@std@@IAE_NXZ 100031a0 f i txt.obj
 0001:00002580       ?_Eos@?$basic_string@DU?$char_traits@D@std@@V?$allocator@D@2@@std@@QAEXI@Z 10003580 f i txt.obj
 0001:000025f0       ?_Free_proxy@?$_String_alloc@$0A@U?$_String_base_types@DV?$allocator@D@std@@@std@@@std@@QAEXXZ 100035f0 f i txt.obj
 0001:000026b0       ?_Getal@?$_String_alloc@$0A@U?$_String_base_types@DV?$allocator@D@std@@@std@@@std@@QBE?AU?$_Wrap_alloc@V?$allocator@D@std@@@2@XZ 100036b0 f i txt.obj
 0001:00002700       ?_Getcont@_Iterator_base12@std@@QBEPBU_Container_base12@2@XZ 10003700 f i txt.obj
 0001:00002760       ?_Getfacet@locale@std@@QBEPBVfacet@12@I@Z 10003760 f i txt.obj
 0001:00002830       ?_Grow@?$basic_string@DU?$char_traits@D@std@@V?$allocator@D@2@@std@@QAE_NI_N@Z 10003830 f i txt.obj
 0001:00002920       ?_Init@?$basic_filebuf@DU?$char_traits@D@std@@@std@@IAEXPAU_iobuf@@W4_Initfl@12@@Z 10003920 f i txt.obj
 0001:00002a20       ?_Initcvt@?$basic_filebuf@DU?$char_traits@D@std@@@std@@IAEXPBV?$codecvt@DDH@2@@Z 10003a20 f i txt.obj
 0001:00002aa0       ?_Inside@?$basic_string@DU?$char_traits@D@std@@V?$allocator@D@2@@std@@QAE_NPBD@Z 10003aa0 f i txt.obj
 0001:00002b10       ?_Lock@?$basic_filebuf@DU?$char_traits@D@std@@@std@@UAEXXZ 10003b10 f i txt.obj
 0001:00002b70       ?_Myptr@?$_String_val@U?$_Simple_types@D@std@@@std@@QAEPADXZ 10003b70 f i txt.obj
 0001:00002be0       ?_Myptr@?$_String_val@U?$_Simple_types@D@std@@@std@@QBEPBDXZ 10003be0 f i txt.obj
 0001:00002c50       ?_Orphan_me@_Iterator_base12@std@@QAEXXZ 10003c50 f i txt.obj
 0001:00002d00       ?_Reset_back@?$basic_filebuf@DU?$char_traits@D@std@@@std@@AAEXXZ 10003d00 f i txt.obj
 0001:00002d80       ?_Set_back@?$basic_filebuf@DU?$char_traits@D@std@@@std@@AAEXXZ 10003d80 f i txt.obj
 0001:00002e30       ?_Tidy@?$basic_string@DU?$char_traits@D@std@@V?$allocator@D@2@@std@@QAEX_NI@Z 10003e30 f i txt.obj
 0001:00002f10       ?_Unlock@?$basic_filebuf@DU?$char_traits@D@std@@@std@@UAEXXZ 10003f10 f i txt.obj
 0001:00002f70       ?_Xlen@?$basic_string@DU?$char_traits@D@std@@V?$allocator@D@2@@std@@QBEXXZ 10003f70 f i txt.obj
 0001:00002fc0       ?_Xran@?$basic_string@DU?$char_traits@D@std@@V?$allocator@D@2@@std@@QBEXXZ 10003fc0 f i txt.obj
 0001:00003010       ?__autoclassinit@?$basic_filebuf@DU?$char_traits@D@std@@@std@@QAEXI@Z 10004010 f i txt.obj
 0001:00003070       ?__autoclassinit@?$basic_ifstream@DU?$char_traits@D@std@@@std@@QAEXI@Z 10004070 f i txt.obj
 0001:000030c0       ?allocate@?$_Wrap_alloc@V?$allocator@D@std@@@std@@QAEPADI@Z 100040c0 f i txt.obj
 0001:00003110       ?allocate@?$allocator@D@std@@QAEPADI@Z 10004110 f i txt.obj
 0001:00003160       ?allocate@?$allocator@U_Container_proxy@std@@@std@@QAEPAU_Container_proxy@2@I@Z 10004160 f i txt.obj
 0001:000031b0       ?append@?$basic_string@DU?$char_traits@D@std@@V?$allocator@D@2@@std@@QAEAAV12@ID@Z 100041b0 f i txt.obj
 0001:00003250       ?assign@?$basic_string@DU?$char_traits@D@std@@V?$allocator@D@2@@std@@QAEAAV12@ABV12@II@Z 10004250 f i txt.obj
 0001:00003330       ?assign@?$basic_string@DU?$char_traits@D@std@@V?$allocator@D@2@@std@@QAEAAV12@ID@Z 10004330 f i txt.obj
 0001:000033c0       ?assign@?$basic_string@DU?$char_traits@D@std@@V?$allocator@D@2@@std@@QAEAAV12@PBD@Z 100043c0 f i txt.obj
 0001:00003430       ?assign@?$basic_string@DU?$char_traits@D@std@@V?$allocator@D@2@@std@@QAEAAV12@PBDI@Z 10004430 f i txt.obj
 0001:00003500       ?assign@?$char_traits@D@std@@SAPADPADID@Z 10004500 f i txt.obj
 0001:00003550       ?assign@?$char_traits@D@std@@SAXAADABD@Z 10004550 f i txt.obj
 0001:00003580       ?begin@?$basic_string@DU?$char_traits@D@std@@V?$allocator@D@2@@std@@QAE?AV?$_String_iterator@V?$_String_val@U?$_Simple_types@D@std@@@std@@@2@XZ 10004580 f i txt.obj
 0001:000035e0       ?category@error_code@std@@QBEABVerror_category@2@XZ 100045e0 f i txt.obj
 0001:00003610       ?category@error_condition@std@@QBEABVerror_category@2@XZ 10004610 f i txt.obj
 0001:00003640       ?close@?$basic_filebuf@DU?$char_traits@D@std@@@std@@QAEPAV12@XZ 10004640 f i txt.obj
 0001:000036e0       ?close@?$basic_ifstream@DU?$char_traits@D@std@@@std@@QAEXXZ 100046e0 f i txt.obj
 0001:00003750       ?copy@?$char_traits@D@std@@SAPADPADPBDI@Z 10004750 f i txt.obj
 0001:000037c0       ?deallocate@?$_Wrap_alloc@V?$allocator@D@std@@@std@@QAEXPADI@Z 100047c0 f i txt.obj
 0001:00003810       ?deallocate@?$allocator@D@std@@QAEXPADI@Z 10004810 f i txt.obj
 0001:00003860       ?deallocate@?$allocator@U_Container_proxy@std@@@std@@QAEXPAU_Container_proxy@2@I@Z 10004860 f i txt.obj
 0001:000038b0       ?default_error_condition@_System_error_category@std@@UBE?AVerror_condition@2@H@Z 100048b0 f i txt.obj
 0001:00003940       ?default_error_condition@error_category@std@@UBE?AVerror_condition@2@H@Z 10004940 f i txt.obj
 0001:00003990       ?eof@?$char_traits@D@std@@SAHXZ 10004990 f i txt.obj
 0001:000039c0       ?eq_int_type@?$char_traits@D@std@@SA_NABH0@Z 100049c0 f i txt.obj
 0001:00003a10       ?equivalent@error_category@std@@UBE_NABVerror_code@2@H@Z 10004a10 f i txt.obj
 0001:00003a90       ?equivalent@error_category@std@@UBE_NHABVerror_condition@2@@Z 10004a90 f i txt.obj
 0001:00003b00       ?erase@?$basic_string@DU?$char_traits@D@std@@V?$allocator@D@2@@std@@QAEAAV12@I@Z 10004b00 f i txt.obj
 0001:00003b60       ?erase@?$basic_string@DU?$char_traits@D@std@@V?$allocator@D@2@@std@@QAEAAV12@II@Z 10004b60 f i txt.obj
 0001:00003c20       ?generic_category@std@@YAABVerror_category@1@XZ 10004c20 f i txt.obj
 0001:00003c50       ?imbue@?$basic_filebuf@DU?$char_traits@D@std@@@std@@MAEXABVlocale@2@@Z 10004c50 f i txt.obj
 0001:00003ca0       ?length@?$char_traits@D@std@@SAIPBD@Z 10004ca0 f i txt.obj
 0001:00003d00       ?max_size@?$_Wrap_alloc@V?$allocator@D@std@@@std@@QBEIXZ 10004d00 f i txt.obj
 0001:00003d50       ?max_size@?$allocator@D@std@@QBEIXZ 10004d50 f i txt.obj
 0001:00003d80       ?max_size@?$allocator_traits@V?$allocator@D@std@@@std@@SAIABV?$allocator@D@2@@Z 10004d80 f i txt.obj
 0001:00003dc0       ?max_size@?$basic_string@DU?$char_traits@D@std@@V?$allocator@D@2@@std@@QBEIXZ 10004dc0 f i txt.obj
 0001:00003e40       ?message@_Generic_error_category@std@@UBE?AV?$basic_string@DU?$char_traits@D@std@@V?$allocator@D@2@@2@H@Z 10004e40 f i txt.obj
 0001:00003ee0       ?message@_Iostream_error_category@std@@UBE?AV?$basic_string@DU?$char_traits@D@std@@V?$allocator@D@2@@2@H@Z 10004ee0 f i txt.obj
 0001:00003f70       ?message@_System_error_category@std@@UBE?AV?$basic_string@DU?$char_traits@D@std@@V?$allocator@D@2@@2@H@Z 10004f70 f i txt.obj
 0001:00004010       ?move@?$char_traits@D@std@@SAPADPADPBDI@Z 10005010 f i txt.obj
 0001:00004080       ?name@_Generic_error_category@std@@UBEPBDXZ 10005080 f i txt.obj
 0001:000040b0       ?name@_Iostream_error_category@std@@UBEPBDXZ 100050b0 f i txt.obj
 0001:000040e0       ?name@_System_error_category@std@@UBEPBDXZ 100050e0 f i txt.obj
 0001:00004110       ?not_eof@?$char_traits@D@std@@SAHABH@Z 10005110 f i txt.obj
 0001:00004190       ?open@?$basic_filebuf@DU?$char_traits@D@std@@@std@@QAEPAV12@PBDHH@Z 10005190 f i txt.obj
 0001:000042a0       ?overflow@?$basic_filebuf@DU?$char_traits@D@std@@@std@@MAEHH@Z 100052a0 f i txt.obj
 0001:000047e0       ?pbackfail@?$basic_filebuf@DU?$char_traits@D@std@@@std@@MAEHH@Z 100057e0 f i txt.obj
 0001:000049c0       ?seekoff@?$basic_filebuf@DU?$char_traits@D@std@@@std@@MAE?AV?$fpos@H@2@_JHH@Z 100059c0 f i txt.obj
 0001:00004b30       ?seekpos@?$basic_filebuf@DU?$char_traits@D@std@@@std@@MAE?AV?$fpos@H@2@V32@H@Z 10005b30 f i txt.obj
 0001:00004cb0       ?seekpos@?$fpos@H@std@@QBE_JXZ 10005cb0 f i txt.obj
 0001:00004cf0       ?setbuf@?$basic_filebuf@DU?$char_traits@D@std@@@std@@MAEPAV?$basic_streambuf@DU?$char_traits@D@std@@@2@PAD_J@Z 10005cf0 f i txt.obj
 0001:00004da0       ?size@?$basic_string@DU?$char_traits@D@std@@V?$allocator@D@2@@std@@QBEIXZ 10005da0 f i txt.obj
 0001:00004dd0       ?state@?$fpos@H@std@@QBEHXZ 10005dd0 f i txt.obj
 0001:00004e00       ?sync@?$basic_filebuf@DU?$char_traits@D@std@@@std@@MAEHXZ 10005e00 f i txt.obj
 0001:00004ed0       ?system_category@std@@YAABVerror_category@1@XZ 10005ed0 f i txt.obj
 0001:00004f00       ?to_char_type@?$char_traits@D@std@@SADABH@Z 10005f00 f i txt.obj
 0001:00004f30       ?to_int_type@?$char_traits@D@std@@SAHABD@Z 10005f30 f i txt.obj
 0001:00004f60       ?uflow@?$basic_filebuf@DU?$char_traits@D@std@@@std@@MAEHXZ 10005f60 f i txt.obj
 0001:00005450       ?underflow@?$basic_filebuf@DU?$char_traits@D@std@@@std@@MAEHXZ 10006450 f i txt.obj
 0001:00005590       ?value@error_code@std@@QBEHXZ 10006590 f i txt.obj
 0001:000055c0       ?value@error_condition@std@@QBEHXZ 100065c0 f i txt.obj
 0001:000055f0       _importData                100065f0 f   txt.obj
 0001:000059d0       __RTC_InitBase             100069d0 f   MSVCRTD:init.obj
 0001:00005a00       __RTC_Shutdown             10006a00 f   MSVCRTD:init.obj
 0001:00005a14       __purecall                 10006a14 f   MSVCRTD:MSVCR110D.dll
 0001:00005a1a       ??2@YAPAXI@Z               10006a1a f   MSVCRTD:MSVCR110D.dll
 0001:00005a20       ??3@YAXPAX@Z               10006a20 f   MSVCRTD:MSVCR110D.dll
 0001:00005a30       ___atonexitinit            10006a30 f   MSVCRTD:atonexit.obj
 0001:00005ae0       __onexit                   10006ae0 f   MSVCRTD:atonexit.obj
 0001:00005be0       _atexit                    10006be0 f   MSVCRTD:atonexit.obj
 0001:00005c0c       __invalid_parameter        10006c0c f   MSVCRTD:MSVCR110D.dll
 0001:00005c12       _memcpy                    10006c12 f   MSVCRTD:MSVCR110D.dll
 0001:00005c18       _memcpy_s                  10006c18 f   MSVCRTD:MSVCR110D.dll
 0001:00005c1e       _memset                    10006c1e f   MSVCRTD:MSVCR110D.dll
 0001:00005c24       _strlen                    10006c24 f   MSVCRTD:MSVCR110D.dll
 0001:00005c2a       _memmove                   10006c2a f   MSVCRTD:MSVCR110D.dll
 0001:00005c30       _fclose                    10006c30 f   MSVCRTD:MSVCR110D.dll
 0001:00005c36       _fflush                    10006c36 f   MSVCRTD:MSVCR110D.dll
 0001:00005c3c       _fgetc                     10006c3c f   MSVCRTD:MSVCR110D.dll
 0001:00005c42       _fgetpos                   10006c42 f   MSVCRTD:MSVCR110D.dll
 0001:00005c48       _fputc                     10006c48 f   MSVCRTD:MSVCR110D.dll
 0001:00005c4e       _fsetpos                   10006c4e f   MSVCRTD:MSVCR110D.dll
 0001:00005c54       __fseeki64                 10006c54 f   MSVCRTD:MSVCR110D.dll
 0001:00005c5a       _fwrite                    10006c5a f   MSVCRTD:MSVCR110D.dll
 0001:00005c60       _setvbuf                   10006c60 f   MSVCRTD:MSVCR110D.dll
 0001:00005c66       _ungetc                    10006c66 f   MSVCRTD:MSVCR110D.dll
 0001:00005c6c       __lock_file                10006c6c f   MSVCRTD:MSVCR110D.dll
 0001:00005c72       __unlock_file              10006c72 f   MSVCRTD:MSVCR110D.dll
 0001:00005c78       _free                      10006c78 f   MSVCRTD:MSVCR110D.dll
 0001:00005c7e       ??_U@YAPAXI@Z              10006c7e f   MSVCRTD:MSVCR110D.dll
 0001:00005c84       __CrtDbgReportW            10006c84 f   MSVCRTD:MSVCR110D.dll
 0001:00005c8a       ??0bad_cast@std@@QAE@PBD@Z 10006c8a f   MSVCRTD:MSVCR110D.dll
 0001:00005c90       ??0bad_cast@std@@QAE@ABV01@@Z 10006c90 f   MSVCRTD:MSVCR110D.dll
 0001:00005c96       ??0exception@std@@QAE@ABV01@@Z 10006c96 f   MSVCRTD:MSVCR110D.dll
 0001:00005c9c       ??1bad_cast@std@@UAE@XZ    10006c9c f   MSVCRTD:MSVCR110D.dll
 0001:00005cb0       @_RTC_AllocaHelper@12      10006cb0 f   MSVCRTD:stack.obj
 0001:00005cf0       @_RTC_CheckStackVars2@12   10006cf0 f   MSVCRTD:stack.obj
 0001:00005dd0       @_RTC_CheckStackVars@8     10006dd0 f   MSVCRTD:stack.obj
 0001:00005e30       __RTC_CheckEsp             10006e30 f   MSVCRTD:stack.obj
 0001:00005e60       @__security_check_cookie@4 10006e60 f   MSVCRTD:secchk.obj
 0001:00005e70       __CxxThrowException@8      10006e70 f   MSVCRTD:MSVCR110D.dll
 0001:00005e76       ___CxxFrameHandler3        10006e76 f   MSVCRTD:MSVCR110D.dll
 0001:00005e80       ??0type_info@@AAE@ABV0@@Z  10006e80 f   MSVCRTD:ti_inst.obj
 0001:00005ea0       ??4type_info@@AAEAAV0@ABV0@@Z 10006ea0 f   MSVCRTD:ti_inst.obj
 0001:00005eb0       ??_Etype_info@@UAEPAXI@Z   10006eb0 f i MSVCRTD:ti_inst.obj
 0001:00005fa0       _NtCurrentTeb              10006fa0 f i MSVCRTD:crtdll.obj
 0001:00005fb0       __CRT_INIT@12              10006fb0 f   MSVCRTD:crtdll.obj
 0001:00006290       __DllMainCRTStartup@12     10007290 f   MSVCRTD:crtdll.obj
 0001:00006480       ?_RTC_GetErrorFunc@@YAP6AHHPBDH00ZZPBX@Z 10007480 f   MSVCRTD:userapi.obj
 0001:00006490       ?_RTC_GetErrorFuncW@@YAP6AHHPB_WH00ZZPBX@Z 10007490 f   MSVCRTD:userapi.obj
 0001:000064a0       __RTC_GetErrDesc           100074a0 f   MSVCRTD:userapi.obj
 0001:000064c0       __RTC_NumErrors            100074c0 f   MSVCRTD:userapi.obj
 0001:000064d0       __RTC_SetErrorFunc         100074d0 f   MSVCRTD:userapi.obj
 0001:000064f0       __RTC_SetErrorFuncW        100074f0 f   MSVCRTD:userapi.obj
 0001:00006510       __RTC_SetErrorType         10007510 f   MSVCRTD:userapi.obj
 0001:00006534       __CRT_RTC_INITW            10007534 f   MSVCRTD:MSVCR110D.dll
 0001:0000653a       __lock                     1000753a f   MSVCRTD:MSVCR110D.dll
 0001:00006540       __unlock                   10007540 f   MSVCRTD:MSVCR110D.dll
 0001:00006546       __calloc_dbg               10007546 f   MSVCRTD:MSVCR110D.dll
 0001:0000654c       ___dllonexit               1000754c f   MSVCRTD:MSVCR110D.dll
 0001:00006560       __except_handler4          10007560 f   MSVCRTD:chandler4gs.obj
 0001:000066e0       ?_RTC_AllocaFailure@@YAXPAXPAU_RTC_ALLOCA_NODE@@H@Z 100076e0 f   MSVCRTD:error.obj
 0001:00006850       ?_RTC_Failure@@YAXPAXH@Z   10007850 f   MSVCRTD:error.obj
 0001:000068a0       ?_RTC_StackFailure@@YAXPAXPBD@Z 100078a0 f   MSVCRTD:error.obj
 0001:00006c00       __RTC_UninitUse            10007c00 f   MSVCRTD:error.obj
 0001:00006d00       ___raise_securityfailure   10007d00 f   MSVCRTD:gs_report.obj
 0001:00006d50       ___report_gsfailure        10007d50 f   MSVCRTD:gs_report.obj
 0001:00006e60       ___report_rangecheckfailure 10007e60 f   MSVCRTD:gs_report.obj
 0001:00006e70       ___report_securityfailure  10007e70 f   MSVCRTD:gs_report.obj
 0001:00006f50       ___report_securityfailureEx 10007f50 f   MSVCRTD:gs_report.obj
 0001:00007080       ??_M@YGXPAXIHP6EX0@Z@Z     10008080 f   MSVCRTD:ehvecdtr.obj
 0001:00007160       ?__ArrayUnwind@@YGXPAXIHP6EX0@Z@Z 10008160 f   MSVCRTD:ehvecdtr.obj
 0001:000071ea       ??1type_info@@UAE@XZ       100081ea f   MSVCRTD:MSVCR110D.dll
 0001:000071f0       ___CppXcptFilter           100081f0 f   MSVCRTD:MSVCR110D.dll
 0001:000071f6       __amsg_exit                100081f6 f   MSVCRTD:MSVCR110D.dll
 0001:000071fc       __malloc_dbg               100081fc f   MSVCRTD:MSVCR110D.dll
 0001:00007202       __free_dbg                 10008202 f   MSVCRTD:MSVCR110D.dll
 0001:00007208       __CrtSetCheckCount         10008208 f   MSVCRTD:MSVCR110D.dll
 0001:00007210       __FindPESection            10008210 f   MSVCRTD:pesect.obj
 0001:00007290       __IsNonwritableInCurrentImage 10008290 f   MSVCRTD:pesect.obj
 0001:000073c0       __ValidateImageBase        100083c0 f   MSVCRTD:pesect.obj
 0001:00007420       ___security_init_cookie    10008420 f   MSVCRTD:gs_support.obj
 0001:00007500       __RTC_Initialize           10008500 f   MSVCRTD:initsect.obj
 0001:00007530       __RTC_Terminate            10008530 f   MSVCRTD:initsect.obj
 0001:00007556       __initterm                 10008556 f   MSVCRTD:MSVCR110D.dll
 0001:0000755c       __initterm_e               1000855c f   MSVCRTD:MSVCR110D.dll
 0001:00007570       ___clean_type_info_names   10008570 f   MSVCRTD:tncleanup.obj
 0001:00007582       __except_handler4_common   10008582 f   MSVCRTD:MSVCR110D.dll
 0001:000079c0       ?_RTC_GetSrcLine@@YAHPAEPA_WKPAH1K@Z 100089c0 f   MSVCRTD:pdblkup.obj
 0001:00007c6e       __crt_debugger_hook        10008c6e f   MSVCRTD:MSVCR110D.dll
 0001:00007c74       ___crtUnhandledException   10008c74 f   MSVCRTD:MSVCR110D.dll
 0001:00007c7a       ___crtTerminateProcess     10008c7a f   MSVCRTD:MSVCR110D.dll
 0001:00007c80       ?terminate@@YAXXZ          10008c80 f   MSVCRTD:MSVCR110D.dll
 0001:00007c86       ___clean_type_info_names_internal 10008c86 f   MSVCRTD:MSVCR110D.dll
 0001:00007c8c       _wcscpy_s                  10008c8c f   MSVCRTD:MSVCR110D.dll
 0001:00007c92       __wmakepath_s              10008c92 f   MSVCRTD:MSVCR110D.dll
 0001:00007c98       __wsplitpath_s             10008c98 f   MSVCRTD:MSVCR110D.dll
 0001:00007c9e       ??0_Lockit@std@@QAE@H@Z    10008c9e f   msvcprtd:MSVCP110D.dll
 0001:00007ca4       ??1_Lockit@std@@QAE@XZ     10008ca4 f   msvcprtd:MSVCP110D.dll
 0001:00007caa       ?_Debug_message@std@@YAXPB_W0I@Z 10008caa f   msvcprtd:MSVCP110D.dll
 0001:00007cb0       ??0_Container_base12@std@@QAE@XZ 10008cb0 f   msvcprtd:MSVCP110D.dll
 0001:00007cb6       ??1_Container_base12@std@@QAE@XZ 10008cb6 f   msvcprtd:MSVCP110D.dll
 0001:00007cbc       ?_Orphan_all@_Container_base12@std@@QAEXXZ 10008cbc f   msvcprtd:MSVCP110D.dll
 0001:00007cc2       ?_Xbad_alloc@std@@YAXXZ    10008cc2 f   msvcprtd:MSVCP110D.dll
 0001:00007cc8       ?_Xlength_error@std@@YAXPBD@Z 10008cc8 f   msvcprtd:MSVCP110D.dll
 0001:00007cce       ?_Xout_of_range@std@@YAXPBD@Z 10008cce f   msvcprtd:MSVCP110D.dll
 0001:00007ce0       ??$_DebugHeapDelete@U_Fac_node@std@@@std@@YAXPAU_Fac_node@0@@Z 10008ce0 f i msvcprtd:locale0_implib.obj
 0001:00007d10       ??0_Fac_node@std@@QAE@PAU01@PAV_Facet_base@1@@Z 10008d10 f i msvcprtd:locale0_implib.obj
 0001:00007d40       ??1_Fac_node@std@@QAE@XZ   10008d40 f i msvcprtd:locale0_implib.obj
 0001:00007d70       ??1_Fac_tidy_reg_t@std@@QAE@XZ 10008d70 f i msvcprtd:locale0_implib.obj
 0001:00007db0       ??_G_Fac_node@std@@QAEPAXI@Z 10008db0 f i msvcprtd:locale0_implib.obj
 0001:00007de0       ?_Facet_Register@std@@YAXPAV_Facet_base@1@@Z 10008de0 f   msvcprtd:locale0_implib.obj
 0001:00007e78       ??Bid@locale@std@@QAEIXZ   10008e78 f   msvcprtd:MSVCP110D.dll
 0001:00007e7e       ?_Getgloballocale@locale@std@@CAPAV_Locimp@12@XZ 10008e7e f   msvcprtd:MSVCP110D.dll
 0001:00007e84       ?always_noconv@codecvt_base@std@@QBE_NXZ 10008e84 f   msvcprtd:MSVCP110D.dll
 0001:00007e8a       ?in@?$codecvt@DDH@std@@QBEHAAHPBD1AAPBDPAD3AAPAD@Z 10008e8a f   msvcprtd:MSVCP110D.dll
 0001:00007e90       ?out@?$codecvt@DDH@std@@QBEHAAHPBD1AAPBDPAD3AAPAD@Z 10008e90 f   msvcprtd:MSVCP110D.dll
 0001:00007e96       ?unshift@?$codecvt@DDH@std@@QBEHAAHPAD1AAPAD@Z 10008e96 f   msvcprtd:MSVCP110D.dll
 0001:00007e9c       ?_Getcat@?$codecvt@DDH@std@@SAIPAPBVfacet@locale@2@PBV42@@Z 10008e9c f   msvcprtd:MSVCP110D.dll
 0001:00007ea2       ?_Syserror_map@std@@YAPBDH@Z 10008ea2 f   msvcprtd:MSVCP110D.dll
 0001:00007ea8       ?_Winerror_map@std@@YAPBDH@Z 10008ea8 f   msvcprtd:MSVCP110D.dll
 0001:00007eae       ?good@ios_base@std@@QBE_NXZ 10008eae f   msvcprtd:MSVCP110D.dll
 0001:00007eb4       ??0?$basic_streambuf@DU?$char_traits@D@std@@@std@@IAE@XZ 10008eb4 f   msvcprtd:MSVCP110D.dll
 0001:00007eba       ??1?$basic_streambuf@DU?$char_traits@D@std@@@std@@UAE@XZ 10008eba f   msvcprtd:MSVCP110D.dll
 0001:00007ec0       ?getloc@?$basic_streambuf@DU?$char_traits@D@std@@@std@@QBE?AVlocale@2@XZ 10008ec0 f   msvcprtd:MSVCP110D.dll
 0001:00007ec6       ?eback@?$basic_streambuf@DU?$char_traits@D@std@@@std@@IBEPADXZ 10008ec6 f   msvcprtd:MSVCP110D.dll
 0001:00007ecc       ?gptr@?$basic_streambuf@DU?$char_traits@D@std@@@std@@IBEPADXZ 10008ecc f   msvcprtd:MSVCP110D.dll
 0001:00007ed2       ?pptr@?$basic_streambuf@DU?$char_traits@D@std@@@std@@IBEPADXZ 10008ed2 f   msvcprtd:MSVCP110D.dll
 0001:00007ed8       ?egptr@?$basic_streambuf@DU?$char_traits@D@std@@@std@@IBEPADXZ 10008ed8 f   msvcprtd:MSVCP110D.dll
 0001:00007ede       ?setg@?$basic_streambuf@DU?$char_traits@D@std@@@std@@IAEXPAD00@Z 10008ede f   msvcprtd:MSVCP110D.dll
 0001:00007ee4       ?epptr@?$basic_streambuf@DU?$char_traits@D@std@@@std@@IBEPADXZ 10008ee4 f   msvcprtd:MSVCP110D.dll
 0001:00007eea       ?_Gndec@?$basic_streambuf@DU?$char_traits@D@std@@@std@@IAEPADXZ 10008eea f   msvcprtd:MSVCP110D.dll
 0001:00007ef0       ?_Gninc@?$basic_streambuf@DU?$char_traits@D@std@@@std@@IAEPADXZ 10008ef0 f   msvcprtd:MSVCP110D.dll
 0001:00007ef6       ?_Pninc@?$basic_streambuf@DU?$char_traits@D@std@@@std@@IAEPADXZ 10008ef6 f   msvcprtd:MSVCP110D.dll
 0001:00007efc       ?_Init@?$basic_streambuf@DU?$char_traits@D@std@@@std@@IAEXXZ 10008efc f   msvcprtd:MSVCP110D.dll
 0001:00007f02       ?_Init@?$basic_streambuf@DU?$char_traits@D@std@@@std@@IAEXPAPAD0PAH001@Z 10008f02 f   msvcprtd:MSVCP110D.dll
 0001:00007f08       ??1?$basic_ios@DU?$char_traits@D@std@@@std@@UAE@XZ 10008f08 f   msvcprtd:MSVCP110D.dll
 0001:00007f0e       ?setstate@?$basic_ios@DU?$char_traits@D@std@@@std@@QAEXH_N@Z 10008f0e f   msvcprtd:MSVCP110D.dll
 0001:00007f14       ??0?$basic_ios@DU?$char_traits@D@std@@@std@@IAE@XZ 10008f14 f   msvcprtd:MSVCP110D.dll
 0001:00007f1a       ??0?$basic_istream@DU?$char_traits@D@std@@@std@@QAE@PAV?$basic_streambuf@DU?$char_traits@D@std@@@1@_N@Z 10008f1a f   msvcprtd:MSVCP110D.dll
 0001:00007f20       ??1?$basic_istream@DU?$char_traits@D@std@@@std@@UAE@XZ 10008f20 f   msvcprtd:MSVCP110D.dll
 0001:00007f26       ?_Add_vtordisp1@?$basic_istream@DU?$char_traits@D@std@@@std@@UAEXXZ 10008f26 f   msvcprtd:MSVCP110D.dll
 0001:00007f2c       ??5?$basic_istream@DU?$char_traits@D@std@@@std@@QAEAAV01@AAH@Z 10008f2c f   msvcprtd:MSVCP110D.dll
 0001:00007f32       ??5?$basic_istream@DU?$char_traits@D@std@@@std@@QAEAAV01@AAM@Z 10008f32 f   msvcprtd:MSVCP110D.dll
 0001:00007f38       ?getline@?$basic_istream@DU?$char_traits@D@std@@@std@@QAEAAV12@PAD_JD@Z 10008f38 f   msvcprtd:MSVCP110D.dll
 0001:00007f3e       ?gcount@?$basic_istream@DU?$char_traits@D@std@@@std@@QBE_JXZ 10008f3e f   msvcprtd:MSVCP110D.dll
 0001:00007f44       ?_Fiopen@std@@YAPAU_iobuf@@PBDHH@Z 10008f44 f   msvcprtd:MSVCP110D.dll
 0001:00007f4a       ?_Add_vtordisp2@?$basic_ios@DU?$char_traits@D@std@@@std@@UAEXXZ 10008f4a f   msvcprtd:MSVCP110D.dll
 0001:00007f50       ?showmanyc@?$basic_streambuf@DU?$char_traits@D@std@@@std@@MAE_JXZ 10008f50 f   msvcprtd:MSVCP110D.dll
 0001:00007f56       ?xsgetn@?$basic_streambuf@DU?$char_traits@D@std@@@std@@MAE_JPAD_J@Z 10008f56 f   msvcprtd:MSVCP110D.dll
 0001:00007f5c       ?xsputn@?$basic_streambuf@DU?$char_traits@D@std@@@std@@MAE_JPBD_J@Z 10008f5c f   msvcprtd:MSVCP110D.dll
 0001:00007f62       ??2@YAPAXIABU_DebugHeapTag_t@std@@PADH@Z 10008f62 f   msvcprtd:MSVCP110D.dll
 0001:00007f68       ??3@YAXPAXABU_DebugHeapTag_t@std@@PADH@Z 10008f68 f   msvcprtd:MSVCP110D.dll
 0001:00007f6e       ?_DebugHeapTag_func@std@@YAABU_DebugHeapTag_t@1@XZ 10008f6e f   msvcprtd:MSVCP110D.dll
 0001:00007f74       _EncodePointer@4           10008f74 f   kernel32:KERNEL32.dll
 0001:00007f7a       _DecodePointer@4           10008f7a f   kernel32:KERNEL32.dll
 0001:00007f80       _IsDebuggerPresent@0       10008f80 f   kernel32:KERNEL32.dll
 0001:00007f86       _RaiseException@16         10008f86 f   kernel32:KERNEL32.dll
 0001:00007f8c       _GetLastError@0            10008f8c f   kernel32:KERNEL32.dll
 0001:00007f92       _GetProcAddress@8          10008f92 f   kernel32:KERNEL32.dll
 0001:00007f98       _LoadLibraryExW@12         10008f98 f   kernel32:KERNEL32.dll
 0001:00007f9e       _lstrlenA@4                10008f9e f   kernel32:KERNEL32.dll
 0001:00007fa4       _LoadLibraryW@4            10008fa4 f   kernel32:KERNEL32.dll
 0001:00007faa       _MultiByteToWideChar@24    10008faa f   kernel32:KERNEL32.dll
 0001:00007fb0       _WideCharToMultiByte@32    10008fb0 f   kernel32:KERNEL32.dll
 0001:00007fb6       _IsProcessorFeaturePresent@4 10008fb6 f   kernel32:KERNEL32.dll
 0001:00007fbc       _QueryPerformanceCounter@4 10008fbc f   kernel32:KERNEL32.dll
 0001:00007fc2       _GetCurrentProcessId@0     10008fc2 f   kernel32:KERNEL32.dll
 0001:00007fc8       _GetCurrentThreadId@0      10008fc8 f   kernel32:KERNEL32.dll
 0001:00007fce       _GetSystemTimeAsFileTime@4 10008fce f   kernel32:KERNEL32.dll
 0001:00007fd4       _HeapAlloc@12              10008fd4 f   kernel32:KERNEL32.dll
 0001:00007fda       _HeapFree@12               10008fda f   kernel32:KERNEL32.dll
 0001:00007fe0       _GetProcessHeap@0          10008fe0 f   kernel32:KERNEL32.dll
 0001:00007fe6       _VirtualQuery@12           10008fe6 f   kernel32:KERNEL32.dll
 0001:00007fec       _FreeLibrary@4             10008fec f   kernel32:KERNEL32.dll
 0001:00007ff2       _GetModuleFileNameW@12     10008ff2 f   kernel32:KERNEL32.dll
 0001:00007ff8       _GetModuleHandleW@4        10008ff8 f   kernel32:KERNEL32.dll
 0002:00000000       __imp__GetModuleHandleW@4  1000a000     kernel32:KERNEL32.dll
 0002:00000004       __imp__GetModuleFileNameW@12 1000a004     kernel32:KERNEL32.dll
 0002:00000008       __imp__FreeLibrary@4       1000a008     kernel32:KERNEL32.dll
 0002:0000000c       __imp__VirtualQuery@12     1000a00c     kernel32:KERNEL32.dll
 0002:00000010       __imp__GetProcessHeap@0    1000a010     kernel32:KERNEL32.dll
 0002:00000014       __imp__HeapFree@12         1000a014     kernel32:KERNEL32.dll
 0002:00000018       __imp__HeapAlloc@12        1000a018     kernel32:KERNEL32.dll
 0002:0000001c       __imp__GetSystemTimeAsFileTime@4 1000a01c     kernel32:KERNEL32.dll
 0002:00000020       __imp__GetCurrentThreadId@0 1000a020     kernel32:KERNEL32.dll
 0002:00000024       __imp__GetCurrentProcessId@0 1000a024     kernel32:KERNEL32.dll
 0002:00000028       __imp__QueryPerformanceCounter@4 1000a028     kernel32:KERNEL32.dll
 0002:0000002c       __imp__IsProcessorFeaturePresent@4 1000a02c     kernel32:KERNEL32.dll
 0002:00000030       __imp__WideCharToMultiByte@32 1000a030     kernel32:KERNEL32.dll
 0002:00000034       __imp__MultiByteToWideChar@24 1000a034     kernel32:KERNEL32.dll
 0002:00000038       __imp__LoadLibraryW@4      1000a038     kernel32:KERNEL32.dll
 0002:0000003c       __imp__lstrlenA@4          1000a03c     kernel32:KERNEL32.dll
 0002:00000040       __imp__LoadLibraryExW@12   1000a040     kernel32:KERNEL32.dll
 0002:00000044       __imp__GetProcAddress@8    1000a044     kernel32:KERNEL32.dll
 0002:00000048       __imp__GetLastError@0      1000a048     kernel32:KERNEL32.dll
 0002:0000004c       __imp__RaiseException@16   1000a04c     kernel32:KERNEL32.dll
 0002:00000050       __imp__IsDebuggerPresent@0 1000a050     kernel32:KERNEL32.dll
 0002:00000054       __imp__DecodePointer@4     1000a054     kernel32:KERNEL32.dll
 0002:00000058       __imp__EncodePointer@4     1000a058     kernel32:KERNEL32.dll
 0002:0000005c       \177KERNEL32_NULL_THUNK_DATA 1000a05c     kernel32:KERNEL32.dll
 0002:00000060       __imp_?_DebugHeapTag_func@std@@YAABU_DebugHeapTag_t@1@XZ 1000a060     msvcprtd:MSVCP110D.dll
 0002:00000064       __imp_??3@YAXPAXABU_DebugHeapTag_t@std@@PADH@Z 1000a064     msvcprtd:MSVCP110D.dll
 0002:00000068       __imp_??2@YAPAXIABU_DebugHeapTag_t@std@@PADH@Z 1000a068     msvcprtd:MSVCP110D.dll
 0002:0000006c       __imp_?id@?$codecvt@DDH@std@@2V0locale@2@A 1000a06c     msvcprtd:MSVCP110D.dll
 0002:00000070       __imp_?_BADOFF@std@@3_JB   1000a070     msvcprtd:MSVCP110D.dll
 0002:00000074       __imp_?xsputn@?$basic_streambuf@DU?$char_traits@D@std@@@std@@MAE_JPBD_J@Z 1000a074     msvcprtd:MSVCP110D.dll
 0002:00000078       __imp_?xsgetn@?$basic_streambuf@DU?$char_traits@D@std@@@std@@MAE_JPAD_J@Z 1000a078     msvcprtd:MSVCP110D.dll
 0002:0000007c       __imp_?showmanyc@?$basic_streambuf@DU?$char_traits@D@std@@@std@@MAE_JXZ 1000a07c     msvcprtd:MSVCP110D.dll
 0002:00000080       __imp_?_Add_vtordisp2@?$basic_ios@DU?$char_traits@D@std@@@std@@UAEXXZ 1000a080     msvcprtd:MSVCP110D.dll
 0002:00000084       __imp_?_Fiopen@std@@YAPAU_iobuf@@PBDHH@Z 1000a084     msvcprtd:MSVCP110D.dll
 0002:00000088       __imp_?gcount@?$basic_istream@DU?$char_traits@D@std@@@std@@QBE_JXZ 1000a088     msvcprtd:MSVCP110D.dll
 0002:0000008c       __imp_?getline@?$basic_istream@DU?$char_traits@D@std@@@std@@QAEAAV12@PAD_JD@Z 1000a08c     msvcprtd:MSVCP110D.dll
 0002:00000090       __imp_??5?$basic_istream@DU?$char_traits@D@std@@@std@@QAEAAV01@AAM@Z 1000a090     msvcprtd:MSVCP110D.dll
 0002:00000094       __imp_??5?$basic_istream@DU?$char_traits@D@std@@@std@@QAEAAV01@AAH@Z 1000a094     msvcprtd:MSVCP110D.dll
 0002:00000098       __imp_?_Add_vtordisp1@?$basic_istream@DU?$char_traits@D@std@@@std@@UAEXXZ 1000a098     msvcprtd:MSVCP110D.dll
 0002:0000009c       __imp_??1?$basic_istream@DU?$char_traits@D@std@@@std@@UAE@XZ 1000a09c     msvcprtd:MSVCP110D.dll
 0002:000000a0       __imp_??0?$basic_istream@DU?$char_traits@D@std@@@std@@QAE@PAV?$basic_streambuf@DU?$char_traits@D@std@@@1@_N@Z 1000a0a0     msvcprtd:MSVCP110D.dll
 0002:000000a4       __imp_??0?$basic_ios@DU?$char_traits@D@std@@@std@@IAE@XZ 1000a0a4     msvcprtd:MSVCP110D.dll
 0002:000000a8       __imp_?setstate@?$basic_ios@DU?$char_traits@D@std@@@std@@QAEXH_N@Z 1000a0a8     msvcprtd:MSVCP110D.dll
 0002:000000ac       __imp_??1?$basic_ios@DU?$char_traits@D@std@@@std@@UAE@XZ 1000a0ac     msvcprtd:MSVCP110D.dll
 0002:000000b0       __imp_?_Init@?$basic_streambuf@DU?$char_traits@D@std@@@std@@IAEXPAPAD0PAH001@Z 1000a0b0     msvcprtd:MSVCP110D.dll
 0002:000000b4       __imp_?_Init@?$basic_streambuf@DU?$char_traits@D@std@@@std@@IAEXXZ 1000a0b4     msvcprtd:MSVCP110D.dll
 0002:000000b8       __imp_?_Pninc@?$basic_streambuf@DU?$char_traits@D@std@@@std@@IAEPADXZ 1000a0b8     msvcprtd:MSVCP110D.dll
 0002:000000bc       __imp_?_Gninc@?$basic_streambuf@DU?$char_traits@D@std@@@std@@IAEPADXZ 1000a0bc     msvcprtd:MSVCP110D.dll
 0002:000000c0       __imp_?_Gndec@?$basic_streambuf@DU?$char_traits@D@std@@@std@@IAEPADXZ 1000a0c0     msvcprtd:MSVCP110D.dll
 0002:000000c4       __imp_?epptr@?$basic_streambuf@DU?$char_traits@D@std@@@std@@IBEPADXZ 1000a0c4     msvcprtd:MSVCP110D.dll
 0002:000000c8       __imp_?setg@?$basic_streambuf@DU?$char_traits@D@std@@@std@@IAEXPAD00@Z 1000a0c8     msvcprtd:MSVCP110D.dll
 0002:000000cc       __imp_?egptr@?$basic_streambuf@DU?$char_traits@D@std@@@std@@IBEPADXZ 1000a0cc     msvcprtd:MSVCP110D.dll
 0002:000000d0       __imp_?pptr@?$basic_streambuf@DU?$char_traits@D@std@@@std@@IBEPADXZ 1000a0d0     msvcprtd:MSVCP110D.dll
 0002:000000d4       __imp_??0_Lockit@std@@QAE@H@Z 1000a0d4     msvcprtd:MSVCP110D.dll
 0002:000000d8       __imp_??1_Lockit@std@@QAE@XZ 1000a0d8     msvcprtd:MSVCP110D.dll
 0002:000000dc       __imp_?_Debug_message@std@@YAXPB_W0I@Z 1000a0dc     msvcprtd:MSVCP110D.dll
 0002:000000e0       __imp_??0_Container_base12@std@@QAE@XZ 1000a0e0     msvcprtd:MSVCP110D.dll
 0002:000000e4       __imp_??1_Container_base12@std@@QAE@XZ 1000a0e4     msvcprtd:MSVCP110D.dll
 0002:000000e8       __imp_?_Orphan_all@_Container_base12@std@@QAEXXZ 1000a0e8     msvcprtd:MSVCP110D.dll
 0002:000000ec       __imp_?_Xbad_alloc@std@@YAXXZ 1000a0ec     msvcprtd:MSVCP110D.dll
 0002:000000f0       __imp_?_Xlength_error@std@@YAXPBD@Z 1000a0f0     msvcprtd:MSVCP110D.dll
 0002:000000f4       __imp_?_Xout_of_range@std@@YAXPBD@Z 1000a0f4     msvcprtd:MSVCP110D.dll
 0002:000000f8       __imp_??Bid@locale@std@@QAEIXZ 1000a0f8     msvcprtd:MSVCP110D.dll
 0002:000000fc       __imp_?_Getgloballocale@locale@std@@CAPAV_Locimp@12@XZ 1000a0fc     msvcprtd:MSVCP110D.dll
 0002:00000100       __imp_?always_noconv@codecvt_base@std@@QBE_NXZ 1000a100     msvcprtd:MSVCP110D.dll
 0002:00000104       __imp_?in@?$codecvt@DDH@std@@QBEHAAHPBD1AAPBDPAD3AAPAD@Z 1000a104     msvcprtd:MSVCP110D.dll
 0002:00000108       __imp_?out@?$codecvt@DDH@std@@QBEHAAHPBD1AAPBDPAD3AAPAD@Z 1000a108     msvcprtd:MSVCP110D.dll
 0002:0000010c       __imp_?unshift@?$codecvt@DDH@std@@QBEHAAHPAD1AAPAD@Z 1000a10c     msvcprtd:MSVCP110D.dll
 0002:00000110       __imp_?_Getcat@?$codecvt@DDH@std@@SAIPAPBVfacet@locale@2@PBV42@@Z 1000a110     msvcprtd:MSVCP110D.dll
 0002:00000114       __imp_?_Syserror_map@std@@YAPBDH@Z 1000a114     msvcprtd:MSVCP110D.dll
 0002:00000118       __imp_?_Winerror_map@std@@YAPBDH@Z 1000a118     msvcprtd:MSVCP110D.dll
 0002:0000011c       __imp_?good@ios_base@std@@QBE_NXZ 1000a11c     msvcprtd:MSVCP110D.dll
 0002:00000120       __imp_??0?$basic_streambuf@DU?$char_traits@D@std@@@std@@IAE@XZ 1000a120     msvcprtd:MSVCP110D.dll
 0002:00000124       __imp_??1?$basic_streambuf@DU?$char_traits@D@std@@@std@@UAE@XZ 1000a124     msvcprtd:MSVCP110D.dll
 0002:00000128       __imp_?getloc@?$basic_streambuf@DU?$char_traits@D@std@@@std@@QBE?AVlocale@2@XZ 1000a128     msvcprtd:MSVCP110D.dll
 0002:0000012c       __imp_?eback@?$basic_streambuf@DU?$char_traits@D@std@@@std@@IBEPADXZ 1000a12c     msvcprtd:MSVCP110D.dll
 0002:00000130       __imp_?gptr@?$basic_streambuf@DU?$char_traits@D@std@@@std@@IBEPADXZ 1000a130     msvcprtd:MSVCP110D.dll
 0002:00000134       \177MSVCP110D_NULL_THUNK_DATA 1000a134     msvcprtd:MSVCP110D.dll
 0002:00000138       __imp___wsplitpath_s       1000a138     MSVCRTD:MSVCR110D.dll
 0002:0000013c       __imp___wmakepath_s        1000a13c     MSVCRTD:MSVCR110D.dll
 0002:00000140       __imp__wcscpy_s            1000a140     MSVCRTD:MSVCR110D.dll
 0002:00000144       __imp____clean_type_info_names_internal 1000a144     MSVCRTD:MSVCR110D.dll
 0002:00000148       __imp_?terminate@@YAXXZ    1000a148     MSVCRTD:MSVCR110D.dll
 0002:0000014c       __imp____crtTerminateProcess 1000a14c     MSVCRTD:MSVCR110D.dll
 0002:00000150       __imp____crtUnhandledException 1000a150     MSVCRTD:MSVCR110D.dll
 0002:00000154       __imp___crt_debugger_hook  1000a154     MSVCRTD:MSVCR110D.dll
 0002:00000158       __imp___except_handler4_common 1000a158     MSVCRTD:MSVCR110D.dll
 0002:0000015c       __imp___initterm_e         1000a15c     MSVCRTD:MSVCR110D.dll
 0002:00000160       __imp___initterm           1000a160     MSVCRTD:MSVCR110D.dll
 0002:00000164       __imp___CrtSetCheckCount   1000a164     MSVCRTD:MSVCR110D.dll
 0002:00000168       __imp___free_dbg           1000a168     MSVCRTD:MSVCR110D.dll
 0002:0000016c       __imp___malloc_dbg         1000a16c     MSVCRTD:MSVCR110D.dll
 0002:00000170       __imp___amsg_exit          1000a170     MSVCRTD:MSVCR110D.dll
 0002:00000174       __imp____CppXcptFilter     1000a174     MSVCRTD:MSVCR110D.dll
 0002:00000178       __imp_??1type_info@@UAE@XZ 1000a178     MSVCRTD:MSVCR110D.dll
 0002:0000017c       __imp___onexit             1000a17c     MSVCRTD:MSVCR110D.dll
 0002:00000180       __imp____dllonexit         1000a180     MSVCRTD:MSVCR110D.dll
 0002:00000184       __imp___calloc_dbg         1000a184     MSVCRTD:MSVCR110D.dll
 0002:00000188       __imp___unlock             1000a188     MSVCRTD:MSVCR110D.dll
 0002:0000018c       __imp___lock               1000a18c     MSVCRTD:MSVCR110D.dll
 0002:00000190       __imp___CRT_RTC_INITW      1000a190     MSVCRTD:MSVCR110D.dll
 0002:00000194       __imp____CxxFrameHandler3  1000a194     MSVCRTD:MSVCR110D.dll
 0002:00000198       __imp___CxxThrowException@8 1000a198     MSVCRTD:MSVCR110D.dll
 0002:0000019c       __imp_??1bad_cast@std@@UAE@XZ 1000a19c     MSVCRTD:MSVCR110D.dll
 0002:000001a0       __imp_??0exception@std@@QAE@ABV01@@Z 1000a1a0     MSVCRTD:MSVCR110D.dll
 0002:000001a4       __imp_??0bad_cast@std@@QAE@ABV01@@Z 1000a1a4     MSVCRTD:MSVCR110D.dll
 0002:000001a8       __imp_??0bad_cast@std@@QAE@PBD@Z 1000a1a8     MSVCRTD:MSVCR110D.dll
 0002:000001ac       __imp___CrtDbgReportW      1000a1ac     MSVCRTD:MSVCR110D.dll
 0002:000001b0       __imp_??_U@YAPAXI@Z        1000a1b0     MSVCRTD:MSVCR110D.dll
 0002:000001b4       __imp__free                1000a1b4     MSVCRTD:MSVCR110D.dll
 0002:000001b8       __imp___unlock_file        1000a1b8     MSVCRTD:MSVCR110D.dll
 0002:000001bc       __imp___lock_file          1000a1bc     MSVCRTD:MSVCR110D.dll
 0002:000001c0       __imp__ungetc              1000a1c0     MSVCRTD:MSVCR110D.dll
 0002:000001c4       __imp__setvbuf             1000a1c4     MSVCRTD:MSVCR110D.dll
 0002:000001c8       __imp__fwrite              1000a1c8     MSVCRTD:MSVCR110D.dll
 0002:000001cc       __imp___fseeki64           1000a1cc     MSVCRTD:MSVCR110D.dll
 0002:000001d0       __imp__fsetpos             1000a1d0     MSVCRTD:MSVCR110D.dll
 0002:000001d4       __imp__fputc               1000a1d4     MSVCRTD:MSVCR110D.dll
 0002:000001d8       __imp__fgetpos             1000a1d8     MSVCRTD:MSVCR110D.dll
 0002:000001dc       __imp__fgetc               1000a1dc     MSVCRTD:MSVCR110D.dll
 0002:000001e0       __imp__fflush              1000a1e0     MSVCRTD:MSVCR110D.dll
 0002:000001e4       __imp__fclose              1000a1e4     MSVCRTD:MSVCR110D.dll
 0002:000001e8       __imp__memmove             1000a1e8     MSVCRTD:MSVCR110D.dll
 0002:000001ec       __imp__strlen              1000a1ec     MSVCRTD:MSVCR110D.dll
 0002:000001f0       __imp__memset              1000a1f0     MSVCRTD:MSVCR110D.dll
 0002:000001f4       __imp__memcpy_s            1000a1f4     MSVCRTD:MSVCR110D.dll
 0002:000001f8       __imp__memcpy              1000a1f8     MSVCRTD:MSVCR110D.dll
 0002:000001fc       __imp___invalid_parameter  1000a1fc     MSVCRTD:MSVCR110D.dll
 0002:00000200       __imp_??3@YAXPAX@Z         1000a200     MSVCRTD:MSVCR110D.dll
 0002:00000204       __imp_??2@YAPAXI@Z         1000a204     MSVCRTD:MSVCR110D.dll
 0002:00000208       __imp___purecall           1000a208     MSVCRTD:MSVCR110D.dll
 0002:0000020c       \177MSVCR110D_NULL_THUNK_DATA 1000a20c     MSVCRTD:MSVCR110D.dll
 0002:00000210       ___xc_a                    1000a210     MSVCRTD:cinitexe.obj
 0002:00000234       ___xc_z                    1000a234     MSVCRTD:cinitexe.obj
 0002:00000238       ___xi_a                    1000a238     MSVCRTD:cinitexe.obj
 0002:00000244       ___xi_z                    1000a244     MSVCRTD:cinitexe.obj
 0002:00000288       ?has_denorm@_Num_base@std@@2W4float_denorm_style@2@B 1000a288     txt.obj
 0002:0000028c       ?has_denorm_loss@_Num_base@std@@2_NB 1000a28c     txt.obj
 0002:0000028d       ?has_infinity@_Num_base@std@@2_NB 1000a28d     txt.obj
 0002:0000028e       ?has_quiet_NaN@_Num_base@std@@2_NB 1000a28e     txt.obj
 0002:0000028f       ?has_signaling_NaN@_Num_base@std@@2_NB 1000a28f     txt.obj
 0002:00000290       ?is_bounded@_Num_base@std@@2_NB 1000a290     txt.obj
 0002:00000291       ?is_exact@_Num_base@std@@2_NB 1000a291     txt.obj
 0002:00000292       ?is_iec559@_Num_base@std@@2_NB 1000a292     txt.obj
 0002:00000293       ?is_integer@_Num_base@std@@2_NB 1000a293     txt.obj
 0002:00000294       ?is_modulo@_Num_base@std@@2_NB 1000a294     txt.obj
 0002:00000295       ?is_signed@_Num_base@std@@2_NB 1000a295     txt.obj
 0002:00000296       ?is_specialized@_Num_base@std@@2_NB 1000a296     txt.obj
 0002:00000297       ?tinyness_before@_Num_base@std@@2_NB 1000a297     txt.obj
 0002:00000298       ?traps@_Num_base@std@@2_NB 1000a298     txt.obj
 0002:0000029c       ?round_style@_Num_base@std@@2W4float_round_style@2@B 1000a29c     txt.obj
 0002:000002a0       ?digits@_Num_base@std@@2HB 1000a2a0     txt.obj
 0002:000002a4       ?digits10@_Num_base@std@@2HB 1000a2a4     txt.obj
 0002:000002a8       ?max_digits10@_Num_base@std@@2HB 1000a2a8     txt.obj
 0002:000002ac       ?max_exponent@_Num_base@std@@2HB 1000a2ac     txt.obj
 0002:000002b0       ?max_exponent10@_Num_base@std@@2HB 1000a2b0     txt.obj
 0002:000002b4       ?min_exponent@_Num_base@std@@2HB 1000a2b4     txt.obj
 0002:000002b8       ?min_exponent10@_Num_base@std@@2HB 1000a2b8     txt.obj
 0002:000002bc       ?radix@_Num_base@std@@2HB  1000a2bc     txt.obj
 0002:000002c0       ?is_bounded@_Num_int_base@std@@2_NB 1000a2c0     txt.obj
 0002:000002c1       ?is_exact@_Num_int_base@std@@2_NB 1000a2c1     txt.obj
 0002:000002c2       ?is_integer@_Num_int_base@std@@2_NB 1000a2c2     txt.obj
 0002:000002c3       ?is_modulo@_Num_int_base@std@@2_NB 1000a2c3     txt.obj
 0002:000002c4       ?is_specialized@_Num_int_base@std@@2_NB 1000a2c4     txt.obj
 0002:000002c8       ?radix@_Num_int_base@std@@2HB 1000a2c8     txt.obj
 0002:000002cc       ?has_denorm@_Num_float_base@std@@2W4float_denorm_style@2@B 1000a2cc     txt.obj
 0002:000002d0       ?has_denorm_loss@_Num_float_base@std@@2_NB 1000a2d0     txt.obj
 0002:000002d1       ?has_infinity@_Num_float_base@std@@2_NB 1000a2d1     txt.obj
 0002:000002d2       ?has_quiet_NaN@_Num_float_base@std@@2_NB 1000a2d2     txt.obj
 0002:000002d3       ?has_signaling_NaN@_Num_float_base@std@@2_NB 1000a2d3     txt.obj
 0002:000002d4       ?is_bounded@_Num_float_base@std@@2_NB 1000a2d4     txt.obj
 0002:000002d5       ?is_exact@_Num_float_base@std@@2_NB 1000a2d5     txt.obj
 0002:000002d6       ?is_iec559@_Num_float_base@std@@2_NB 1000a2d6     txt.obj
 0002:000002d7       ?is_integer@_Num_float_base@std@@2_NB 1000a2d7     txt.obj
 0002:000002d8       ?is_modulo@_Num_float_base@std@@2_NB 1000a2d8     txt.obj
 0002:000002d9       ?is_signed@_Num_float_base@std@@2_NB 1000a2d9     txt.obj
 0002:000002da       ?is_specialized@_Num_float_base@std@@2_NB 1000a2da     txt.obj
 0002:000002db       ?tinyness_before@_Num_float_base@std@@2_NB 1000a2db     txt.obj
 0002:000002dc       ?traps@_Num_float_base@std@@2_NB 1000a2dc     txt.obj
 0002:000002e0       ?round_style@_Num_float_base@std@@2W4float_round_style@2@B 1000a2e0     txt.obj
 0002:000002e4       ?radix@_Num_float_base@std@@2HB 1000a2e4     txt.obj
 0002:000002e8       ?is_signed@?$numeric_limits@D@std@@2_NB 1000a2e8     txt.obj
 0002:000002ec       ?digits@?$numeric_limits@D@std@@2HB 1000a2ec     txt.obj
 0002:000002f0       ?digits10@?$numeric_limits@D@std@@2HB 1000a2f0     txt.obj
 0002:000002f4       ?is_signed@?$numeric_limits@_W@std@@2_NB 1000a2f4     txt.obj
 0002:000002f8       ?digits@?$numeric_limits@_W@std@@2HB 1000a2f8     txt.obj
 0002:000002fc       ?digits10@?$numeric_limits@_W@std@@2HB 1000a2fc     txt.obj
 0002:00000300       ?is_modulo@?$numeric_limits@_N@std@@2_NB 1000a300     txt.obj
 0002:00000301       ?is_signed@?$numeric_limits@_N@std@@2_NB 1000a301     txt.obj
 0002:00000304       ?digits@?$numeric_limits@_N@std@@2HB 1000a304     txt.obj
 0002:00000308       ?digits10@?$numeric_limits@_N@std@@2HB 1000a308     txt.obj
 0002:0000030c       ?is_signed@?$numeric_limits@C@std@@2_NB 1000a30c     txt.obj
 0002:00000310       ?digits@?$numeric_limits@C@std@@2HB 1000a310     txt.obj
 0002:00000314       ?digits10@?$numeric_limits@C@std@@2HB 1000a314     txt.obj
 0002:00000318       ?is_signed@?$numeric_limits@E@std@@2_NB 1000a318     txt.obj
 0002:0000031c       ?digits@?$numeric_limits@E@std@@2HB 1000a31c     txt.obj
 0002:00000320       ?digits10@?$numeric_limits@E@std@@2HB 1000a320     txt.obj
 0002:00000324       ?is_signed@?$numeric_limits@F@std@@2_NB 1000a324     txt.obj
 0002:00000328       ?digits@?$numeric_limits@F@std@@2HB 1000a328     txt.obj
 0002:0000032c       ?digits10@?$numeric_limits@F@std@@2HB 1000a32c     txt.obj
 0002:00000330       ?is_signed@?$numeric_limits@G@std@@2_NB 1000a330     txt.obj
 0002:00000334       ?digits@?$numeric_limits@G@std@@2HB 1000a334     txt.obj
 0002:00000338       ?digits10@?$numeric_limits@G@std@@2HB 1000a338     txt.obj
 0002:0000033c       ?value@?$_Sizeof@HU_Nil@std@@U12@U12@U12@U12@U12@U12@@std@@2IB 1000a33c     txt.obj
 0002:00000340       ?is_signed@?$numeric_limits@H@std@@2_NB 1000a340     txt.obj
 0002:00000344       ?digits@?$numeric_limits@H@std@@2HB 1000a344     txt.obj
 0002:00000348       ?digits10@?$numeric_limits@H@std@@2HB 1000a348     txt.obj
 0002:0000034c       ?is_signed@?$numeric_limits@I@std@@2_NB 1000a34c     txt.obj
 0002:00000350       ?digits@?$numeric_limits@I@std@@2HB 1000a350     txt.obj
 0002:00000354       ?digits10@?$numeric_limits@I@std@@2HB 1000a354     txt.obj
 0002:00000358       ?is_signed@?$numeric_limits@J@std@@2_NB 1000a358     txt.obj
 0002:0000035c       ?digits@?$numeric_limits@J@std@@2HB 1000a35c     txt.obj
 0002:00000360       ?digits10@?$numeric_limits@J@std@@2HB 1000a360     txt.obj
 0002:00000364       ?is_signed@?$numeric_limits@K@std@@2_NB 1000a364     txt.obj
 0002:00000368       ?digits@?$numeric_limits@K@std@@2HB 1000a368     txt.obj
 0002:0000036c       ?digits10@?$numeric_limits@K@std@@2HB 1000a36c     txt.obj
 0002:00000370       ?is_signed@?$numeric_limits@_J@std@@2_NB 1000a370     txt.obj
 0002:00000374       ?digits@?$numeric_limits@_J@std@@2HB 1000a374     txt.obj
 0002:00000378       ?digits10@?$numeric_limits@_J@std@@2HB 1000a378     txt.obj
 0002:0000037c       ?is_signed@?$numeric_limits@_K@std@@2_NB 1000a37c     txt.obj
 0002:00000380       ?digits@?$numeric_limits@_K@std@@2HB 1000a380     txt.obj
 0002:00000384       ?digits10@?$numeric_limits@_K@std@@2HB 1000a384     txt.obj
 0002:00000388       ?digits@?$numeric_limits@M@std@@2HB 1000a388     txt.obj
 0002:0000038c       ?digits10@?$numeric_limits@M@std@@2HB 1000a38c     txt.obj
 0002:00000390       ?max_digits10@?$numeric_limits@M@std@@2HB 1000a390     txt.obj
 0002:00000394       ?max_exponent@?$numeric_limits@M@std@@2HB 1000a394     txt.obj
 0002:00000398       ?max_exponent10@?$numeric_limits@M@std@@2HB 1000a398     txt.obj
 0002:0000039c       ?min_exponent@?$numeric_limits@M@std@@2HB 1000a39c     txt.obj
 0002:000003a0       ?value@?$integral_constant@I$0A@@std@@2IB 1000a3a0     txt.obj
 0002:000003a4       ?min_exponent10@?$numeric_limits@M@std@@2HB 1000a3a4     txt.obj
 0002:000003a8       ?digits@?$numeric_limits@N@std@@2HB 1000a3a8     txt.obj
 0002:000003ac       ?digits10@?$numeric_limits@N@std@@2HB 1000a3ac     txt.obj
 0002:000003b0       ?max_digits10@?$numeric_limits@N@std@@2HB 1000a3b0     txt.obj
 0002:000003b4       ?max_exponent@?$numeric_limits@N@std@@2HB 1000a3b4     txt.obj
 0002:000003b8       ?max_exponent10@?$numeric_limits@N@std@@2HB 1000a3b8     txt.obj
 0002:000003bc       ?min_exponent@?$numeric_limits@N@std@@2HB 1000a3bc     txt.obj
 0002:000003c0       ?min_exponent10@?$numeric_limits@N@std@@2HB 1000a3c0     txt.obj
 0002:000003c4       ?skipws@?$_Iosb@H@std@@2W4_Fmtflags@12@B 1000a3c4     txt.obj
 0002:000003c8       ?unitbuf@?$_Iosb@H@std@@2W4_Fmtflags@12@B 1000a3c8     txt.obj
 0002:000003cc       ?uppercase@?$_Iosb@H@std@@2W4_Fmtflags@12@B 1000a3cc     txt.obj
 0002:000003d0       ?showbase@?$_Iosb@H@std@@2W4_Fmtflags@12@B 1000a3d0     txt.obj
 0002:000003d4       ?digits@?$numeric_limits@O@std@@2HB 1000a3d4     txt.obj
 0002:000003d8       ?showpoint@?$_Iosb@H@std@@2W4_Fmtflags@12@B 1000a3d8     txt.obj
 0002:000003dc       ?digits10@?$numeric_limits@O@std@@2HB 1000a3dc     txt.obj
 0002:000003e0       ?showpos@?$_Iosb@H@std@@2W4_Fmtflags@12@B 1000a3e0     txt.obj
 0002:000003e4       ?max_digits10@?$numeric_limits@O@std@@2HB 1000a3e4     txt.obj
 0002:000003e8       ?left@?$_Iosb@H@std@@2W4_Fmtflags@12@B 1000a3e8     txt.obj
 0002:000003ec       ?max_exponent@?$numeric_limits@O@std@@2HB 1000a3ec     txt.obj
 0002:000003f0       ?right@?$_Iosb@H@std@@2W4_Fmtflags@12@B 1000a3f0     txt.obj
 0002:000003f4       ?internal@?$_Iosb@H@std@@2W4_Fmtflags@12@B 1000a3f4     txt.obj
 0002:000003f8       ?max_exponent10@?$numeric_limits@O@std@@2HB 1000a3f8     txt.obj
 0002:000003fc       ?dec@?$_Iosb@H@std@@2W4_Fmtflags@12@B 1000a3fc     txt.obj
 0002:00000400       ?min_exponent@?$numeric_limits@O@std@@2HB 1000a400     txt.obj
 0002:00000404       ?oct@?$_Iosb@H@std@@2W4_Fmtflags@12@B 1000a404     txt.obj
 0002:00000408       ?value@?$integral_constant@_N$0A@@std@@2_NB 1000a408     txt.obj
 0002:0000040c       ?min_exponent10@?$numeric_limits@O@std@@2HB 1000a40c     txt.obj
 0002:00000410       ?hex@?$_Iosb@H@std@@2W4_Fmtflags@12@B 1000a410     txt.obj
 0002:00000414       ?scientific@?$_Iosb@H@std@@2W4_Fmtflags@12@B 1000a414     txt.obj
 0002:00000418       ?fixed@?$_Iosb@H@std@@2W4_Fmtflags@12@B 1000a418     txt.obj
 0002:0000041c       ?hexfloat@?$_Iosb@H@std@@2W4_Fmtflags@12@B 1000a41c     txt.obj
 0002:00000420       ?boolalpha@?$_Iosb@H@std@@2W4_Fmtflags@12@B 1000a420     txt.obj
 0002:00000424       ?value@?$integral_constant@_N$00@std@@2_NB 1000a424     txt.obj
 0002:00000428       ?_Stdio@?$_Iosb@H@std@@2W4_Fmtflags@12@B 1000a428     txt.obj
 0002:0000042c       ?adjustfield@?$_Iosb@H@std@@2W4_Fmtflags@12@B 1000a42c     txt.obj
 0002:00000430       ?basefield@?$_Iosb@H@std@@2W4_Fmtflags@12@B 1000a430     txt.obj
 0002:00000434       ?floatfield@?$_Iosb@H@std@@2W4_Fmtflags@12@B 1000a434     txt.obj
 0002:00000438       ?goodbit@?$_Iosb@H@std@@2W4_Iostate@12@B 1000a438     txt.obj
 0002:0000043c       ?eofbit@?$_Iosb@H@std@@2W4_Iostate@12@B 1000a43c     txt.obj
 0002:00000440       ?failbit@?$_Iosb@H@std@@2W4_Iostate@12@B 1000a440     txt.obj
 0002:00000444       ?badbit@?$_Iosb@H@std@@2W4_Iostate@12@B 1000a444     txt.obj
 0002:00000448       ?_Hardfail@?$_Iosb@H@std@@2W4_Iostate@12@B 1000a448     txt.obj
 0002:0000044c       ?in@?$_Iosb@H@std@@2W4_Openmode@12@B 1000a44c     txt.obj
 0002:00000450       ?out@?$_Iosb@H@std@@2W4_Openmode@12@B 1000a450     txt.obj
 0002:00000454       ?ate@?$_Iosb@H@std@@2W4_Openmode@12@B 1000a454     txt.obj
 0002:00000458       ?app@?$_Iosb@H@std@@2W4_Openmode@12@B 1000a458     txt.obj
 0002:0000045c       ?trunc@?$_Iosb@H@std@@2W4_Openmode@12@B 1000a45c     txt.obj
 0002:00000460       ?_Nocreate@?$_Iosb@H@std@@2W4_Openmode@12@B 1000a460     txt.obj
 0002:00000464       ?_Noreplace@?$_Iosb@H@std@@2W4_Openmode@12@B 1000a464     txt.obj
 0002:00000468       ?binary@?$_Iosb@H@std@@2W4_Openmode@12@B 1000a468     txt.obj
 0002:0000046c       ?beg@?$_Iosb@H@std@@2W4_Seekdir@12@B 1000a46c     txt.obj
 0002:00000470       ?cur@?$_Iosb@H@std@@2W4_Seekdir@12@B 1000a470     txt.obj
 0002:00000474       ?end@?$_Iosb@H@std@@2W4_Seekdir@12@B 1000a474     txt.obj
 0002:00000478       ?value@?$_Sizeof@U_Nil@std@@U12@U12@U12@U12@U12@U12@U12@@std@@2IB 1000a478     txt.obj
 0002:0000047c       ?_Stream_err@failure@ios_base@std@@0W4io_errc@43@B 1000a47c     txt.obj
 0002:00000480       ?collate@?$_Locbase@H@std@@2HB 1000a480     txt.obj
 0002:00000484       ?ctype@?$_Locbase@H@std@@2HB 1000a484     txt.obj
 0002:00000488       ?monetary@?$_Locbase@H@std@@2HB 1000a488     txt.obj
 0002:0000048c       ?numeric@?$_Locbase@H@std@@2HB 1000a48c     txt.obj
 0002:00000490       ?time@?$_Locbase@H@std@@2HB 1000a490     txt.obj
 0002:00000494       ?messages@?$_Locbase@H@std@@2HB 1000a494     txt.obj
 0002:00000498       ?all@?$_Locbase@H@std@@2HB 1000a498     txt.obj
 0002:0000049c       ?none@?$_Locbase@H@std@@2HB 1000a49c     txt.obj
 0002:000004a0       ??_C@_1JA@MHFMCCH@?$AAc?$AA?3?$AA?2?$AAp?$AAr?$AAo?$AAg?$AAr?$AAa?$AAm?$AA?5?$AAf?$AAi?$AAl?$AAe?$AAs?$AA?5?$AA?$CI?$AAx?$AA8?$AA6?$AA?$CJ?$AA?2?$AAm?$AAi?$AAc?$AAr?$AAo?$AAs?$AAo?$AAf?$AAt@ 1000a4a0     txt.obj
 0002:00000530       ??_C@_1DC@POOIKBAO@?$AAI?$AAT?$AAE?$AAR?$AAA?$AAT?$AAO?$AAR?$AA?5?$AAL?$AAI?$AAS?$AAT?$AA?5?$AAC?$AAO?$AAR?$AAR?$AAU?$AAP?$AAT?$AAE?$AAD?$AA?$CB?$AA?$AA@ 1000a530     txt.obj
 0002:00000564       ?npos@?$basic_string@DU?$char_traits@D@std@@V?$allocator@D@2@@std@@2IB 1000a564     txt.obj
 0002:0000056c       ??_7error_category@std@@6B@ 1000a56c     txt.obj
 0002:00000588       ??_7_Generic_error_category@std@@6B@ 1000a588     txt.obj
 0002:000005a0       ??_C@_07DCLBNMLN@generic?$AA@ 1000a5a0     txt.obj
 0002:000005a8       ??_C@_0O@BFJCFAAK@unknown?5error?$AA@ 1000a5a8     txt.obj
 0002:000005bc       ??_7_Iostream_error_category@std@@6B@ 1000a5bc     txt.obj
 0002:000005d4       ??_C@_08LLGCOLLL@iostream?$AA@ 1000a5d4     txt.obj
 0002:000005e0       ??_C@_0BG@PADBLCHM@iostream?5stream?5error?$AA@ 1000a5e0     txt.obj
 0002:000005fc       ??_7_System_error_category@std@@6B@ 1000a5fc     txt.obj
 0002:00000614       ??_C@_06FHFOAHML@system?$AA@ 1000a614     txt.obj
 0002:00000624       ??_7?$basic_filebuf@DU?$char_traits@D@std@@@std@@6B@ 1000a624     txt.obj
 0002:00000664       ??_7?$basic_ifstream@DU?$char_traits@D@std@@@std@@6B@ 1000a664     txt.obj
 0002:00000670       ??_8?$basic_ifstream@DU?$char_traits@D@std@@@std@@7B@ 1000a670     txt.obj
 0002:00000678       ??_C@_1IO@BLKJFPEG@?$AAc?$AA?3?$AA?2?$AAp?$AAr?$AAo?$AAg?$AAr?$AAa?$AAm?$AA?5?$AAf?$AAi?$AAl?$AAe?$AAs?$AA?5?$AA?$CI?$AAx?$AA8?$AA6?$AA?$CJ?$AA?2?$AAm?$AAi?$AAc?$AAr?$AAo?$AAs?$AAo?$AAf?$AAt@ 1000a678     txt.obj
 0002:00000708       ??_C@_0BA@JFNIOLAK@string?5too?5long?$AA@ 1000a708     txt.obj
 0002:00000718       ??_C@_0BI@CFPLBAOH@invalid?5string?5position?$AA@ 1000a718     txt.obj
 0002:00000730       ??_C@_1EG@CNCHLAOB@?$AAs?$AAt?$AAr?$AAi?$AAn?$AAg?$AA?5?$AAi?$AAt?$AAe?$AAr?$AAa?$AAt?$AAo?$AAr?$AA?5?$AAn?$AAo?$AAt?$AA?5?$AAd?$AAe?$AAr?$AAe?$AAf?$AAe?$AAr?$AAe?$AAn?$AAc?$AAa?$AAb@ 1000a730     txt.obj
 0002:00000778       ??_C@_0CE@OFMIGAMM@Standard?5C?$CL?$CL?5Libraries?5Out?5of?5Ra@ 1000a778     txt.obj
 0002:000007a0       ??_C@_1FG@IBPIFFN@?$AA?$CC?$AAS?$AAt?$AAa?$AAn?$AAd?$AAa?$AAr?$AAd?$AA?5?$AAC?$AA?$CL?$AA?$CL?$AA?5?$AAL?$AAi?$AAb?$AAr?$AAa?$AAr?$AAi?$AAe?$AAs?$AA?5?$AAO?$AAu?$AAt?$AA?5?$AAo?$AAf?$AA?5?$AAR@ 1000a7a0     txt.obj
 0002:000007f8       ??_C@_15GANGMFKL@?$AA?$CF?$AAs?$AA?$AA@ 1000a7f8     txt.obj
 0002:00000800       ??_C@_1MG@GDGHDIKC@?$AAs?$AAt?$AAd?$AA?3?$AA?3?$AA_?$AAS?$AAt?$AAr?$AAi?$AAn?$AAg?$AA_?$AAc?$AAo?$AAn?$AAs?$AAt?$AA_?$AAi?$AAt?$AAe?$AAr?$AAa?$AAt?$AAo?$AAr?$AA?$DM?$AAc?$AAl?$AAa?$AAs@ 1000a800     txt.obj
 0002:000008c8       ??_C@_1BO@MEPPHOO@?$AA?$CC?$AAo?$AAu?$AAt?$AA?5?$AAo?$AAf?$AA?5?$AAr?$AAa?$AAn?$AAg?$AAe?$AA?$CC?$AA?$AA@ 1000a8c8     txt.obj
 0002:000008e8       ??_C@_1CK@EOPGIILJ@?$AAi?$AAn?$AAv?$AAa?$AAl?$AAi?$AAd?$AA?5?$AAn?$AAu?$AAl?$AAl?$AA?5?$AAp?$AAo?$AAi?$AAn?$AAt?$AAe?$AAr?$AA?$AA@ 1000a8e8     txt.obj
 0002:00000914       ??_C@_08EPJLHIJG@bad?5cast?$AA@ 1000a914     txt.obj
 0002:00000920       __real@00000000            1000a920     txt.obj
 0002:00000928       ??_C@_1LK@BJHNKBFO@?$AA?$CI?$AA_?$AA_?$AAo?$AAn?$AAe?$AAx?$AAi?$AAt?$AAe?$AAn?$AAd?$AA?5?$AA?$CB?$AA?$DN?$AA?5?$AAN?$AAU?$AAL?$AAL?$AA?5?$AA?$CG?$AA?$CG?$AA?5?$AA_?$AA_?$AAo?$AAn?$AAe?$AAx?$AAi?$AAt@ 1000a928     MSVCRTD:atonexit.obj
 0002:000009e8       ??_C@_1GE@KOKOIPKN@?$AAf?$AA?3?$AA?2?$AAd?$AAd?$AA?2?$AAv?$AAc?$AAt?$AAo?$AAo?$AAl?$AAs?$AA?2?$AAc?$AAr?$AAt?$AA_?$AAb?$AAl?$AAd?$AA?2?$AAs?$AAe?$AAl?$AAf?$AA_?$AAx?$AA8?$AA6?$AA?2?$AAc@ 1000a9e8     MSVCRTD:atonexit.obj
 0002:00000a4c       ??_C@_0DC@KIAPAJCJ@f?3?2dd?2vctools?2crt_bld?2self_x86?2c@ 1000aa4c     MSVCRTD:atonexit.obj
 0002:00000a84       ??_7type_info@@6B@         1000aa84     MSVCRTD:ti_inst.obj
 0002:00000a88       __pRawDllMain              1000aa88     MSVCRTD:crtdll.obj
 0002:00000a88       __pDefaultRawDllMain       1000aa88     MSVCRTD:crtdll.obj
 0002:00000a8c       ??_C@_0DA@FJPPCPEH@f?3?2dd?2vctools?2crt_bld?2self_x86?2c@ 1000aa8c     MSVCRTD:crtdll.obj
 0002:00000ad0       ??_C@_0BJ@HEGAHDFO@Stack?5pointer?5corruption?$AA@ 1000aad0     MSVCRTD:userapi.obj
 0002:00000aec       ??_C@_0CK@FEGOIOPB@Cast?5to?5smaller?5type?5causing?5los@ 1000aaec     MSVCRTD:userapi.obj
 0002:00000b18       ??_C@_0BI@CIGMDCBH@Stack?5memory?5corruption?$AA@ 1000ab18     MSVCRTD:userapi.obj
 0002:00000b30       ??_C@_0CK@CNLNOEPB@Local?5variable?5used?5before?5initi@ 1000ab30     MSVCRTD:userapi.obj
 0002:00000b5c       ??_C@_0BP@OGBCLIBO@Stack?5around?5_alloca?5corrupted?$AA@ 1000ab5c     MSVCRTD:userapi.obj
 0002:00000c18       ??_C@_0NN@NGPKDKPD@The?5value?5of?5ESP?5was?5not?5properl@ 1000ac18     MSVCRTD:error.obj
 0002:00000cf8       ??_C@_0BBN@GPMLNJCF@A?5cast?5to?5a?5smaller?5data?5type?5ha@ 1000acf8     MSVCRTD:error.obj
 0002:00000e18       ??_C@_0BN@FFOINMNJ@Stack?5memory?5was?5corrupted?6?$AN?$AA@ 1000ae18     MSVCRTD:error.obj
 0002:00000e38       ??_C@_0DG@HKJMLLLP@A?5local?5variable?5was?5used?5before@ 1000ae38     MSVCRTD:error.obj
 0002:00000e70       ??_C@_0CM@NGINOKPC@Stack?5memory?5around?5_alloca?5was?5@ 1000ae70     MSVCRTD:error.obj
 0002:00000e9c       ??_C@_0BO@GNIAFIKK@Unknown?5Runtime?5Check?5Error?6?$AN?$AA@ 1000ae9c     MSVCRTD:error.obj
 0002:00000ec0       ??_C@_1GM@OLMCBDMB@?$AAR?$AAu?$AAn?$AAt?$AAi?$AAm?$AAe?$AA?5?$AAC?$AAh?$AAe?$AAc?$AAk?$AA?5?$AAE?$AAr?$AAr?$AAo?$AAr?$AA?4?$AA?6?$AA?$AN?$AA?5?$AAU?$AAn?$AAa?$AAb?$AAl?$AAe?$AA?5?$AAt?$AAo@ 1000aec0     MSVCRTD:error.obj
 0002:00000f30       ??_C@_1EA@NFKNIFJP@?$AAR?$AAu?$AAn?$AA?9?$AAT?$AAi?$AAm?$AAe?$AA?5?$AAC?$AAh?$AAe?$AAc?$AAk?$AA?5?$AAF?$AAa?$AAi?$AAl?$AAu?$AAr?$AAe?$AA?5?$AA?$CD?$AA?$CF?$AAd?$AA?5?$AA?9?$AA?5?$AA?$CF?$AAs?$AA?$AA@ 1000af30     MSVCRTD:error.obj
 0002:00000f70       ??_C@_0BB@PFFGGCJP@Unknown?5Filename?$AA@ 1000af70     MSVCRTD:error.obj
 0002:00000f84       ??_C@_0BE@GNBOBNCK@Unknown?5Module?5Name?$AA@ 1000af84     MSVCRTD:error.obj
 0002:00000f98       ??_C@_0CA@IODNCDPG@Run?9Time?5Check?5Failure?5?$CD?$CFd?5?9?5?$CFs?$AA@ 1000af98     MSVCRTD:error.obj
 0002:00000fb8       ??_C@_0CG@IAFNJNEE@Stack?5corrupted?5near?5unknown?5var@ 1000afb8     MSVCRTD:error.obj
 0002:00000fe0       ??_C@_05MKKEDADM@?$CF?42X?5?$AA@ 1000afe0     MSVCRTD:error.obj
 0002:00000fe8       ??_C@_1BG@OILDLIOJ@?$AAu?$AAs?$AAe?$AAr?$AA3?$AA2?$AA?4?$AAd?$AAl?$AAl?$AA?$AA@ 1000afe8     MSVCRTD:error.obj
 0002:00001000       ??_C@_09FOPFMPEJ@wsprintfA?$AA@ 1000b000     MSVCRTD:error.obj
 0002:00001010       ??_C@_0EJ@LJKNEOLN@Stack?5area?5around?5_alloca?5memory@ 1000b010     MSVCRTD:error.obj
 0002:0000105c       ??_C@_08OMAHNMHJ@?6Data?3?5?$DM?$AA@ 1000b05c     MSVCRTD:error.obj
 0002:00001068       ??_C@_0CK@DKGBICFE@?6Allocation?5number?5within?5this?5f@ 1000b068     MSVCRTD:error.obj
 0002:00001094       ??_C@_07DFDJCKFN@?6Size?3?5?$AA@ 1000b094     MSVCRTD:error.obj
 0002:0000109c       ??_C@_0N@MHFFIMFG@?6Address?3?50x?$AA@ 1000b09c     MSVCRTD:error.obj
 0002:000010b0       ??_C@_0EI@CLEPFNGI@Stack?5area?5around?5_alloca?5memory@ 1000b0b0     MSVCRTD:error.obj
 0002:000010f8       ??_C@_0BC@KIBAILCI@?$CFs?$CFs?$CFp?$CFs?$CFld?$CFs?$CFd?$CFs?$AA@ 1000b0f8     MSVCRTD:error.obj
 0002:0000110c       ??_C@_01EEMJAFIK@?6?$AA@   1000b10c     MSVCRTD:error.obj
 0002:00001110       ??_C@_02LLMPMKNF@?$DO?5?$AA@ 1000b110     MSVCRTD:error.obj
 0002:00001114       ??_C@_08KJEDNCKC@?$CFs?$CFs?$CFs?$CFs?$AA@ 1000b114     MSVCRTD:error.obj
 0002:00001120       ??_C@_0DE@OHJBPMBP@A?5variable?5is?5being?5used?5without@ 1000b120     MSVCRTD:error.obj
 0002:0000115c       ?ProcessDetach@NativeDll@<CrtImplementationDetails>@@0IB 1000b15c     MSVCRTD:initsect.obj
 0002:00001160       ?ProcessAttach@NativeDll@<CrtImplementationDetails>@@0IB 1000b160     MSVCRTD:initsect.obj
 0002:00001164       ?ThreadAttach@NativeDll@<CrtImplementationDetails>@@0IB 1000b164     MSVCRTD:initsect.obj
 0002:00001168       ?ThreadDetach@NativeDll@<CrtImplementationDetails>@@0IB 1000b168     MSVCRTD:initsect.obj
 0002:0000116c       ?ProcessVerifier@NativeDll@<CrtImplementationDetails>@@0IB 1000b16c     MSVCRTD:initsect.obj
 0002:00001170       ?LocalIdBitWidth@CrossScopeId@CodeViewInfo@@2IB 1000b170     MSVCRTD:pdblkup.obj
 0002:00001174       ?IdScopeBitWidth@CrossScopeId@CodeViewInfo@@2IB 1000b174     MSVCRTD:pdblkup.obj
 0002:00001178       ?StartCrossScopeId@CrossScopeId@CodeViewInfo@@2IB 1000b178     MSVCRTD:pdblkup.obj
 0002:0000117c       ?LocalIdMask@CrossScopeId@CodeViewInfo@@2IB 1000b17c     MSVCRTD:pdblkup.obj
 0002:00001180       ?ScopeIdMask@CrossScopeId@CodeViewInfo@@2IB 1000b180     MSVCRTD:pdblkup.obj
 0002:00001184       ?MaxLocalId@CrossScopeId@CodeViewInfo@@2IB 1000b184     MSVCRTD:pdblkup.obj
 0002:00001188       ?MaxScopeId@CrossScopeId@CodeViewInfo@@2IB 1000b188     MSVCRTD:pdblkup.obj
 0002:000011c4       ??_C@_1BK@GAEMIDIL@?$AAA?$AAD?$AAV?$AAA?$AAP?$AAI?$AA3?$AA2?$AA?4?$AAD?$AAL?$AAL?$AA?$AA@ 1000b1c4     MSVCRTD:pdblkup.obj
 0002:000011e0       ??_C@_0O@COHOBMLB@RegOpenKeyExW?$AA@ 1000b1e0     MSVCRTD:pdblkup.obj
 0002:000011f0       ??_C@_0BB@GLNAEDBD@RegQueryValueExW?$AA@ 1000b1f0     MSVCRTD:pdblkup.obj
 0002:00001204       ??_C@_0M@HLOHPNFA@RegCloseKey?$AA@ 1000b204     MSVCRTD:pdblkup.obj
 0002:00001210       ??_C@_1FM@OEMPKHJI@?$AAS?$AAO?$AAF?$AAT?$AAW?$AAA?$AAR?$AAE?$AA?2?$AAM?$AAi?$AAc?$AAr?$AAo?$AAs?$AAo?$AAf?$AAt?$AA?2?$AAV?$AAi?$AAs?$AAu?$AAa?$AAl?$AAS?$AAt?$AAu?$AAd?$AAi?$AAo?$AA?2@ 1000b210     MSVCRTD:pdblkup.obj
 0002:0000126c       ??_C@_1CK@HHHCOJPD@?$AAE?$AAn?$AAv?$AAi?$AAr?$AAo?$AAn?$AAm?$AAe?$AAn?$AAt?$AAD?$AAi?$AAr?$AAe?$AAc?$AAt?$AAo?$AAr?$AAy?$AA?$AA@ 1000b26c     MSVCRTD:pdblkup.obj
 0002:000012b4       ??_C@_1BC@MIBIBMGK@?$AAM?$AAS?$AAP?$AAD?$AAB?$AA1?$AA1?$AA0?$AA?$AA@ 1000b2b4     MSVCRTD:pdblkup.obj
 0002:000012c8       ??_C@_0BB@KCIACLNC@PDBOpenValidate5?$AA@ 1000b2c8     MSVCRTD:pdblkup.obj
 0002:000012dc       ??_C@_01KDCPPGHE@r?$AA@    1000b2dc     MSVCRTD:pdblkup.obj
 0002:000012e0       ??_C@_0DD@IMKCHGBE@f?3?2dd?2vctools?2crt_bld?2self_x86?2c@ 1000b2e0     msvcprtd:locale0_implib.obj
 0002:00001318       __load_config_used         1000b318     MSVCRTD:loadcfg.obj
 0002:000013e0       ??_R4?$basic_filebuf@DU?$char_traits@D@std@@@std@@6B@ 1000b3e0     txt.obj
 0002:000013f4       ??_R3?$basic_filebuf@DU?$char_traits@D@std@@@std@@8 1000b3f4     txt.obj
 0002:00001404       ??_R2?$basic_filebuf@DU?$char_traits@D@std@@@std@@8 1000b404     txt.obj
 0002:00001410       ??_R1A@?0A@EA@?$basic_filebuf@DU?$char_traits@D@std@@@std@@8 1000b410     txt.obj
 0002:0000142c       ??_R1A@?0A@EA@?$basic_streambuf@DU?$char_traits@D@std@@@std@@8 1000b42c     txt.obj
 0002:00001448       ??_R3?$basic_streambuf@DU?$char_traits@D@std@@@std@@8 1000b448     txt.obj
 0002:00001458       ??_R2?$basic_streambuf@DU?$char_traits@D@std@@@std@@8 1000b458     txt.obj
 0002:00001460       ??_R4?$basic_ifstream@DU?$char_traits@D@std@@@std@@6B@ 1000b460     txt.obj
 0002:00001474       ??_R3?$basic_ifstream@DU?$char_traits@D@std@@@std@@8 1000b474     txt.obj
 0002:00001484       ??_R2?$basic_ifstream@DU?$char_traits@D@std@@@std@@8 1000b484     txt.obj
 0002:0000149c       ??_R1A@?0A@EA@?$basic_ifstream@DU?$char_traits@D@std@@@std@@8 1000b49c     txt.obj
 0002:000014b8       ??_R1A@?0A@EA@?$basic_istream@DU?$char_traits@D@std@@@std@@8 1000b4b8     txt.obj
 0002:000014d4       ??_R3?$basic_istream@DU?$char_traits@D@std@@@std@@8 1000b4d4     txt.obj
 0002:000014e4       ??_R2?$basic_istream@DU?$char_traits@D@std@@@std@@8 1000b4e4     txt.obj
 0002:000014f8       ??_R1A@A@3FA@?$basic_ios@DU?$char_traits@D@std@@@std@@8 1000b4f8     txt.obj
 0002:00001514       ??_R3?$basic_ios@DU?$char_traits@D@std@@@std@@8 1000b514     txt.obj
 0002:00001524       ??_R2?$basic_ios@DU?$char_traits@D@std@@@std@@8 1000b524     txt.obj
 0002:00001534       ??_R1A@?0A@EA@?$basic_ios@DU?$char_traits@D@std@@@std@@8 1000b534     txt.obj
 0002:00001550       ??_R1A@?0A@EA@ios_base@std@@8 1000b550     txt.obj
 0002:0000156c       ??_R3ios_base@std@@8       1000b56c     txt.obj
 0002:0000157c       ??_R2ios_base@std@@8       1000b57c     txt.obj
 0002:00001588       ??_R17?0A@EA@?$_Iosb@H@std@@8 1000b588     txt.obj
 0002:000015a4       ??_R3?$_Iosb@H@std@@8      1000b5a4     txt.obj
 0002:000015b4       ??_R2?$_Iosb@H@std@@8      1000b5b4     txt.obj
 0002:000015bc       ??_R1A@?0A@EA@?$_Iosb@H@std@@8 1000b5bc     txt.obj
 0002:000015d8       ??_R1A@A@3EA@ios_base@std@@8 1000b5d8     txt.obj
 0002:000015f4       ??_R17A@3EA@?$_Iosb@H@std@@8 1000b5f4     txt.obj
 0002:00001610       ??_R4error_category@std@@6B@ 1000b610     txt.obj
 0002:00001624       ??_R3error_category@std@@8 1000b624     txt.obj
 0002:00001634       ??_R2error_category@std@@8 1000b634     txt.obj
 0002:0000163c       ??_R1A@?0A@EA@error_category@std@@8 1000b63c     txt.obj
 0002:00001658       ??_R4_Generic_error_category@std@@6B@ 1000b658     txt.obj
 0002:0000166c       ??_R3_Generic_error_category@std@@8 1000b66c     txt.obj
 0002:0000167c       ??_R2_Generic_error_category@std@@8 1000b67c     txt.obj
 0002:00001688       ??_R1A@?0A@EA@_Generic_error_category@std@@8 1000b688     txt.obj
 0002:000016a4       ??_R4_Iostream_error_category@std@@6B@ 1000b6a4     txt.obj
 0002:000016b8       ??_R3_Iostream_error_category@std@@8 1000b6b8     txt.obj
 0002:000016c8       ??_R2_Iostream_error_category@std@@8 1000b6c8     txt.obj
 0002:000016d8       ??_R1A@?0A@EA@_Iostream_error_category@std@@8 1000b6d8     txt.obj
 0002:000016f4       ??_R4_System_error_category@std@@6B@ 1000b6f4     txt.obj
 0002:00001708       ??_R3_System_error_category@std@@8 1000b708     txt.obj
 0002:00001718       ??_R2_System_error_category@std@@8 1000b718     txt.obj
 0002:00001728       ??_R1A@?0A@EA@_System_error_category@std@@8 1000b728     txt.obj
 0002:00001744       ??_R4type_info@@6B@        1000b744     MSVCRTD:ti_inst.obj
 0002:00001758       ??_R3type_info@@8          1000b758     MSVCRTD:ti_inst.obj
 0002:00001768       ??_R2type_info@@8          1000b768     MSVCRTD:ti_inst.obj
 0002:00001770       ??_R1A@?0A@EA@type_info@@8 1000b770     MSVCRTD:ti_inst.obj
 0002:00001790       ___safe_se_handler_table   1000b790     <linker-defined>
 0002:000017dc       ___rtc_iaa                 1000b7dc     MSVCRTD:initsect.obj
 0002:000017e8       ___rtc_izz                 1000b7e8     MSVCRTD:initsect.obj
 0002:000017ec       ___rtc_taa                 1000b7ec     MSVCRTD:initsect.obj
 0002:000017f8       ___rtc_tzz                 1000b7f8     MSVCRTD:initsect.obj
 0002:00001c00       __CT??_R0?AVexception@std@@@8??0exception@std@@QAE@ABV01@@Z12 1000bc00     txt.obj
 0002:00001c1c       __TI2?AVbad_cast@std@@     1000bc1c     txt.obj
 0002:00001c2c       __CTA2?AVbad_cast@std@@    1000bc2c     txt.obj
 0002:00001c38       __CT??_R0?AVbad_cast@std@@@8??0bad_cast@std@@QAE@ABV01@@Z12 1000bc38     txt.obj
 0002:00001d68       __IMPORT_DESCRIPTOR_MSVCR110D 1000bd68     MSVCRTD:MSVCR110D.dll
 0002:00001d7c       __IMPORT_DESCRIPTOR_MSVCP110D 1000bd7c     msvcprtd:MSVCP110D.dll
 0002:00001d90       __IMPORT_DESCRIPTOR_KERNEL32 1000bd90     kernel32:KERNEL32.dll
 0002:00001da4       __NULL_IMPORT_DESCRIPTOR   1000bda4     MSVCRTD:MSVCR110D.dll
 0003:00000000       ??_R0?AVexception@std@@@8  1000e000     txt.obj
 0003:0000001c       ??_R0?AVbad_cast@std@@@8   1000e01c     txt.obj
 0003:00000038       ??_R0?AV?$basic_filebuf@DU?$char_traits@D@std@@@std@@@8 1000e038     txt.obj
 0003:00000074       ??_R0?AV?$basic_streambuf@DU?$char_traits@D@std@@@std@@@8 1000e074     txt.obj
 0003:000000b0       ??_R0?AV?$basic_ifstream@DU?$char_traits@D@std@@@std@@@8 1000e0b0     txt.obj
 0003:000000ec       ??_R0?AV?$basic_istream@DU?$char_traits@D@std@@@std@@@8 1000e0ec     txt.obj
 0003:00000128       ??_R0?AV?$basic_ios@DU?$char_traits@D@std@@@std@@@8 1000e128     txt.obj
 0003:00000160       ??_R0?AVios_base@std@@@8   1000e160     txt.obj
 0003:0000017c       ??_R0?AV?$_Iosb@H@std@@@8  1000e17c     txt.obj
 0003:00000198       ??_R0?AVerror_category@std@@@8 1000e198     txt.obj
 0003:000001bc       ??_R0?AV_Generic_error_category@std@@@8 1000e1bc     txt.obj
 0003:000001e8       ??_R0?AV_Iostream_error_category@std@@@8 1000e1e8     txt.obj
 0003:00000214       ??_R0?AV_System_error_category@std@@@8 1000e214     txt.obj
 0003:00000240       ??_R0?AVtype_info@@@8      1000e240     MSVCRTD:ti_inst.obj
 0003:00000258       ___security_cookie         1000e258     MSVCRTD:gs_cookie.obj
 0003:0000025c       ___security_cookie_complement 1000e25c     MSVCRTD:gs_cookie.obj
 0003:00000260       ?_RTC_ErrorLevels@@3PAHA   1000e260     MSVCRTD:error.obj
 0003:00000274       ___native_dllmain_reason   1000e274     MSVCRTD:natstart.obj
 0003:00000278       ___@@_PchSym_@00@UfhvihUyvmUwlxfnvmghUerhfzoLhgfwrlLCABCUkilqvxghUxlCEBBzhhrtmnvmgUgcgUwvyftUhgwzucOlyq@516D27C605A3006 1000e278     stdafx.obj
 0003:00000280       ?_Generic_object@?$_Error_objects@H@std@@2V_Generic_error_category@2@A 1000e280     txt.obj
 0003:00000284       ?_Iostream_object@?$_Error_objects@H@std@@2V_Iostream_error_category@2@A 1000e284     txt.obj
 0003:00000288       ?_System_object@?$_Error_objects@H@std@@2V_System_error_category@2@A 1000e288     txt.obj
 0003:0000028c       ?_Stinit@?1??_Init@?$basic_filebuf@DU?$char_traits@D@std@@@std@@IAEXPAU_iobuf@@W4_Initfl@23@@Z@4HA 1000e28c     txt.obj
 0003:00000290       ?_Psave@?$_Facetptr@V?$codecvt@DDH@std@@@std@@2PBVfacet@locale@2@B 1000e290     txt.obj
 0003:000002a4       ?wsprintffp@@3P6AHPADPBDZZA 1000e2a4     MSVCRTD:error.obj
 0003:000005c8       ?__type_info_root_node@@3U__type_info_node@@A 1000e5c8     MSVCRTD:tncleanup.obj
 0003:000005e0       ___native_startup_lock     1000e5e0     <common>
 0003:000005e4       ___native_startup_state    1000e5e4     <common>
 0003:000005e8       ___dyn_tls_init_callback   1000e5e8     <common>
 0003:000005ec       ___onexitend               1000e5ec     <common>
 0003:000005f0       ___onexitbegin             1000e5f0     <common>

 entry point at        0001:00006290

 Static symbols

 0000:fffef000       .debug$S                   10000000     kernel32:KERNEL32.dll
 0000:fffef000       .debug$S                   10000000     msvcprtd:MSVCP110D.dll
 0000:fffef000       .debug$S                   10000000     msvcprtd:MSVCP110D.dll
 0000:fffef000       .debug$S                   10000000     msvcprtd:MSVCP110D.dll
 0000:fffef000       .debug$S                   10000000     msvcprtd:MSVCP110D.dll
 0000:fffef000       .debug$S                   10000000     msvcprtd:MSVCP110D.dll
 0000:fffef000       .debug$S                   10000000     msvcprtd:MSVCP110D.dll
 0000:fffef000       .debug$S                   10000000     msvcprtd:MSVCP110D.dll
 0000:fffef000       .debug$S                   10000000     msvcprtd:MSVCP110D.dll
[...]
 0001:00004b1c       $LN8                       10005b1c     txt.obj
 0001:00004c88       $LN8                       10005c88     txt.obj
 0001:00004c90       $LN7                       10005c90     txt.obj
 0001:00004c9c       $LN6                       10005c9c     txt.obj
 0001:000053f0       $LN36                      100063f0     txt.obj
 0001:000053f8       $LN35                      100063f8     txt.obj
 0001:00005434       $LN33                      10006434     txt.obj
 0001:00005439       $LN32                      10006439     txt.obj
 0001:0000543f       $LN31                      1000643f     txt.obj
 0001:00005443       $LN30                      10006443     txt.obj
 0001:00005448       $LN29                      10006448     txt.obj
 0001:00005570       $LN9                       10006570     txt.obj
 0001:00005578       $LN8                       10006578     txt.obj
 0001:00005584       $LN7                       10006584     txt.obj
 0001:00005900       __catch$_importData$0      10006900 f   txt.obj
 0001:000059ac       $LN24                      100069ac     txt.obj
 0001:000059b4       $LN23                      100069b4     txt.obj
 0001:000059c0       $LN21                      100069c0     txt.obj
 0001:00005f20       _pre_c_init                10006f20 f   MSVCRTD:crtdll.obj
 0001:000062c0       ___DllMainCRTStartup       100072c0 f   MSVCRTD:crtdll.obj
 0001:00006590       ?DebuggerProbe@@YAHK@Z     10007590 f   MSVCRTD:error.obj
 0001:00006630       ?DebuggerRuntime@@YAHKHPAXPB_W@Z 10007630 f   MSVCRTD:error.obj
 0001:000069a0       ?_getMemBlockDataString@@YAXPAD00I@Z 100079a0 f   MSVCRTD:error.obj
 0001:00006a10       ?failwithmessage@@YAXPAXHHPBD@Z 10007a10 f   MSVCRTD:error.obj
 0001:00007130       ?ArrayUnwindFilter@@YAHPAU_EXCEPTION_POINTERS@@@Z 10008130 f   MSVCRTD:ehvecdtr.obj
 0001:00007590       ?GetPdbDll@@YAPAUHINSTANCE__@@XZ 10008590 f   MSVCRTD:pdblkup.obj
 0001:000076d0       ?GetPdbDllFromInstallPath@@YAPAUHINSTANCE__@@XZ 100086d0 f   MSVCRTD:pdblkup.obj
 0001:000078f0       ?GetPdbDllPathFromFilePath@@YAHPB_WPA_WI@Z 100088f0 f   MSVCRTD:pdblkup.obj
 0001:00008000       __unwindfunclet$??$construct@PADAAPAD@?$allocator@D@std@@QAEXPAPADAAPAD@Z$0 10009000 f   txt.obj
 0001:00008014       __ehhandler$??$construct@PADAAPAD@?$allocator@D@std@@QAEXPAPADAAPAD@Z 10009014 f   txt.obj
 0001:00008040       __unwindfunclet$??$construct@U_Container_proxy@std@@U12@@?$allocator@U_Container_proxy@std@@@std@@QAEXPAU_Container_proxy@1@$$QAU21@@Z$0 10009040 f   txt.obj
 0001:00008054       __ehhandler$??$construct@U_Container_proxy@std@@U12@@?$allocator@U_Container_proxy@std@@@std@@QAEXPAU_Container_proxy@1@$$QAU21@@Z 10009054 f   txt.obj
 0001:00008080       __unwindfunclet$??$use_facet@V?$codecvt@DDH@std@@@std@@YAABV?$codecvt@DDH@0@ABVlocale@0@@Z$0 10009080 f   txt.obj
 0001:00008092       __ehhandler$??$use_facet@V?$codecvt@DDH@std@@@std@@YAABV?$codecvt@DDH@0@ABVlocale@0@@Z 10009092 f   txt.obj
 0001:000080c0       __unwindfunclet$??0?$_String_alloc@$0A@U?$_String_base_types@DV?$allocator@D@std@@@std@@@std@@QAE@ABV?$allocator@D@1@@Z$0 100090c0 f   txt.obj
 0001:000080c8       __ehhandler$??0?$_String_alloc@$0A@U?$_String_base_types@DV?$allocator@D@std@@@std@@@std@@QAE@ABV?$allocator@D@1@@Z 100090c8 f   txt.obj
 0001:000080f0       __unwindfunclet$??0?$_String_const_iterator@V?$_String_val@U?$_Simple_types@D@std@@@std@@@std@@QAE@PBDPBU_Container_base12@1@@Z$0 100090f0 f   txt.obj
 0001:000080f8       __ehhandler$??0?$_String_const_iterator@V?$_String_val@U?$_Simple_types@D@std@@@std@@@std@@QAE@PBDPBU_Container_base12@1@@Z 100090f8 f   txt.obj
 0001:00008120       __unwindfunclet$??0?$basic_filebuf@DU?$char_traits@D@std@@@std@@QAE@PAU_iobuf@@@Z$0 10009120 f   txt.obj
 0001:00008132       __ehhandler$??0?$basic_filebuf@DU?$char_traits@D@std@@@std@@QAE@PAU_iobuf@@@Z 10009132 f   txt.obj
 0001:00008150       __unwindfunclet$??0?$basic_ifstream@DU?$char_traits@D@std@@@std@@QAE@PBDHH@Z$0 10009150 f   txt.obj
 0001:0000817c       __unwindfunclet$??0?$basic_ifstream@DU?$char_traits@D@std@@@std@@QAE@PBDHH@Z$1 1000917c f   txt.obj
 0001:00008191       __unwindfunclet$??0?$basic_ifstream@DU?$char_traits@D@std@@@std@@QAE@PBDHH@Z$2 10009191 f   txt.obj
 0001:0000819c       __ehhandler$??0?$basic_ifstream@DU?$char_traits@D@std@@@std@@QAE@PBDHH@Z 1000919c f   txt.obj
 0001:000081c0       __unwindfunclet$??0?$basic_string@DU?$char_traits@D@std@@V?$allocator@D@2@@std@@QAE@ID@Z$0 100091c0 f   txt.obj
 0001:000081c8       __ehhandler$??0?$basic_string@DU?$char_traits@D@std@@V?$allocator@D@2@@std@@QAE@ID@Z 100091c8 f   txt.obj
 0001:000081f0       __unwindfunclet$??0?$basic_string@DU?$char_traits@D@std@@V?$allocator@D@2@@std@@QAE@PBD@Z$0 100091f0 f   txt.obj
 0001:000081f8       __ehhandler$??0?$basic_string@DU?$char_traits@D@std@@V?$allocator@D@2@@std@@QAE@PBD@Z 100091f8 f   txt.obj
 0001:00008220       __unwindfunclet$??0?$basic_string@DU?$char_traits@D@std@@V?$allocator@D@2@@std@@QAE@XZ$0 10009220 f   txt.obj
 0001:00008228       __ehhandler$??0?$basic_string@DU?$char_traits@D@std@@V?$allocator@D@2@@std@@QAE@XZ 10009228 f   txt.obj
 0001:00008250       __unwindfunclet$?_Adopt@_Iterator_base12@std@@QAEXPBU_Container_base12@2@@Z$0 10009250 f   txt.obj
 0001:00008262       __unwindfunclet$?_Adopt@_Iterator_base12@std@@QAEXPBU_Container_base12@2@@Z$1 10009262 f   txt.obj
 0001:00008274       __ehhandler$?_Adopt@_Iterator_base12@std@@QAEXPBU_Container_base12@2@@Z 10009274 f   txt.obj
 0001:000082a0       __ehhandler$?_Copy@?$basic_string@DU?$char_traits@D@std@@V?$allocator@D@2@@std@@QAEXII@Z 100092a0 f   txt.obj
 0001:000082d0       __unwindfunclet$?_Endwrite@?$basic_filebuf@DU?$char_traits@D@std@@@std@@IAE_NXZ$0 100092d0 f   txt.obj
 0001:000082d8       __unwindfunclet$?_Endwrite@?$basic_filebuf@DU?$char_traits@D@std@@@std@@IAE_NXZ$1 100092d8 f   txt.obj
 0001:000082e3       __unwindfunclet$?_Endwrite@?$basic_filebuf@DU?$char_traits@D@std@@@std@@IAE_NXZ$2 100092e3 f   txt.obj
 0001:000082ee       __unwindfunclet$?_Endwrite@?$basic_filebuf@DU?$char_traits@D@std@@@std@@IAE_NXZ$3 100092ee f   txt.obj
 0001:000082f9       __unwindfunclet$?_Endwrite@?$basic_filebuf@DU?$char_traits@D@std@@@std@@IAE_NXZ$4 100092f9 f   txt.obj
 0001:0000831b       __ehhandler$?_Endwrite@?$basic_filebuf@DU?$char_traits@D@std@@@std@@IAE_NXZ 1000931b f   txt.obj
 0001:00008350       __unwindfunclet$?open@?$basic_filebuf@DU?$char_traits@D@std@@@std@@QAEPAV12@PBDHH@Z$0 10009350 f   txt.obj
 0001:0000835b       __ehhandler$?open@?$basic_filebuf@DU?$char_traits@D@std@@@std@@QAEPAV12@PBDHH@Z 1000935b f   txt.obj
 0001:00008380       __unwindfunclet$?overflow@?$basic_filebuf@DU?$char_traits@D@std@@@std@@MAEHH@Z$0 10009380 f   txt.obj
 0001:00008388       __unwindfunclet$?overflow@?$basic_filebuf@DU?$char_traits@D@std@@@std@@MAEHH@Z$1 10009388 f   txt.obj
 0001:00008393       __unwindfunclet$?overflow@?$basic_filebuf@DU?$char_traits@D@std@@@std@@MAEHH@Z$2 10009393 f   txt.obj
 0001:0000839e       __unwindfunclet$?overflow@?$basic_filebuf@DU?$char_traits@D@std@@@std@@MAEHH@Z$3 1000939e f   txt.obj
 0001:000083a9       __unwindfunclet$?overflow@?$basic_filebuf@DU?$char_traits@D@std@@@std@@MAEHH@Z$4 100093a9 f   txt.obj
 0001:000083cb       __ehhandler$?overflow@?$basic_filebuf@DU?$char_traits@D@std@@@std@@MAEHH@Z 100093cb f   txt.obj
 0001:00008400       __unwindfunclet$?uflow@?$basic_filebuf@DU?$char_traits@D@std@@@std@@MAEHXZ$0 10009400 f   txt.obj
 0001:00008408       __unwindfunclet$?uflow@?$basic_filebuf@DU?$char_traits@D@std@@@std@@MAEHXZ$1 10009408 f   txt.obj
 0001:00008413       __unwindfunclet$?uflow@?$basic_filebuf@DU?$char_traits@D@std@@@std@@MAEHXZ$2 10009413 f   txt.obj
 0001:0000841e       __unwindfunclet$?uflow@?$basic_filebuf@DU?$char_traits@D@std@@@std@@MAEHXZ$3 1000941e f   txt.obj
 0001:00008429       __unwindfunclet$?uflow@?$basic_filebuf@DU?$char_traits@D@std@@@std@@MAEHXZ$4 10009429 f   txt.obj
 0001:00008434       __unwindfunclet$?uflow@?$basic_filebuf@DU?$char_traits@D@std@@@std@@MAEHXZ$5 10009434 f   txt.obj
 0001:0000843f       __ehhandler$?uflow@?$basic_filebuf@DU?$char_traits@D@std@@@std@@MAEHXZ 1000943f f   txt.obj
 0001:00008470       __unwindfunclet$_importData$2 10009470 f   txt.obj
 0001:0000847b       __ehhandler$_importData    1000947b f   txt.obj
 0001:000084b0       __unwindfunclet$?_Facet_Register@std@@YAXPAV_Facet_base@1@@Z$0 100094b0 f   msvcprtd:locale0_implib.obj
 0001:000084c9       __ehhandler$?_Facet_Register@std@@YAXPAV_Facet_base@1@@Z 100094c9 f   msvcprtd:locale0_implib.obj
 0001:000084f0       ??__E?_Generic_object@?$_Error_objects@H@std@@2V_Generic_error_category@2@A@@YAXXZ 100094f0 f   txt.obj
 0001:00008540       ??__E?_Iostream_object@?$_Error_objects@H@std@@2V_Iostream_error_category@2@A@@YAXXZ 10009540 f   txt.obj
 0001:00008590       ??__E?_System_object@?$_Error_objects@H@std@@2V_System_error_category@2@A@@YAXXZ 10009590 f   txt.obj
 0001:000085e0       ??__Eallocator_arg@std@@YAXXZ 100095e0 f   txt.obj
 0001:00008610       ??__Epiecewise_construct@std@@YAXXZ 10009610 f   txt.obj
 0001:00008640       ??__E_Fac_tidy_reg@std@@YAXXZ 10009640 f   msvcprtd:locale0_implib.obj
 0001:00008660       ??__Eallocator_arg@std@@YAXXZ 10009660 f   msvcprtd:locale0_implib.obj
 0001:00008670       ??__Epiecewise_construct@std@@YAXXZ 10009670 f   msvcprtd:locale0_implib.obj
 0001:00008680       ??__F?_Generic_object@?$_Error_objects@H@std@@2V_Generic_error_category@2@A@@YAXXZ 10009680 f   txt.obj
 0001:000086c0       ??__F?_Iostream_object@?$_Error_objects@H@std@@2V_Iostream_error_category@2@A@@YAXXZ 100096c0 f   txt.obj
 0001:00008700       ??__F?_System_object@?$_Error_objects@H@std@@2V_System_error_category@2@A@@YAXXZ 10009700 f   txt.obj
 0001:00008740       ??__F_Fac_tidy_reg@std@@YAXXZ 10009740 f   msvcprtd:locale0_implib.obj
 0002:00000214       __Fac_tidy_reg$initializer$ 1000a214     msvcprtd:locale0_implib.obj
 0002:00000218       _piecewise_construct$initializer$ 1000a218     txt.obj
 0002:0000021c       _allocator_arg$initializer$ 1000a21c     txt.obj
 0002:00000220       ?_Generic_object$initializer$@?$_Error_objects@H@std@@2P6AXXZA 1000a220     txt.obj
 0002:00000224       ?_Iostream_object$initializer$@?$_Error_objects@H@std@@2P6AXXZA 1000a224     txt.obj
 0002:00000228       ?_System_object$initializer$@?$_Error_objects@H@std@@2P6AXXZA 1000a228     txt.obj
 0002:0000022c       _piecewise_construct$initializer$ 1000a22c     msvcprtd:locale0_implib.obj
 0002:00000230       _allocator_arg$initializer$ 1000a230     msvcprtd:locale0_implib.obj
 0002:0000023c       _pcinit                    1000a23c     MSVCRTD:crtdll.obj
 0002:00000240       _pinit                     1000a240     MSVCRTD:atonexit.obj
 0002:00000abc       __RTC_errlist              1000aabc     MSVCRTD:userapi.obj
 0002:00000b7c       __RTC_ErrorMessages        1000ab7c     MSVCRTD:error.obj
 0002:00000b94       __RTC_NoFalsePositives     1000ab94     MSVCRTD:error.obj
 0002:00000bac       _stack_premsg              1000abac     MSVCRTD:error.obj
 0002:00000bc8       _stack_postmsg             1000abc8     MSVCRTD:error.obj
 0002:00000bdc       _uninit_premsg             1000abdc     MSVCRTD:error.obj
 0002:00000bec       _uninit_postmsg            1000abec     MSVCRTD:error.obj
 0002:00001154       _GS_ExceptionPointers      1000b154     MSVCRTD:gs_report.obj
 0002:0000118c       _mspdbName                 1000b18c     MSVCRTD:pdblkup.obj
 0002:000011a8       _msvcrdFilename            1000b1a8     MSVCRTD:pdblkup.obj
 0002:00001298       ?dllExt@?1??GetPdbDllPathFromFilePath@@YAHPB_WPA_WI@Z@4QB_WB 1000b298     MSVCRTD:pdblkup.obj
 0002:000012a0       ?mspdbFilename@?1??GetPdbDllPathFromFilePath@@YAHPB_WPA_WI@Z@4QB_WB 1000b2a0     MSVCRTD:pdblkup.obj
 0002:000017e0       __RTC_InitBase.rtc$IMZ     1000b7e0     dllmain.obj
 0002:000017e4       __RTC_InitBase.rtc$IMZ     1000b7e4     txt.obj
 0002:000017f0       __RTC_Shutdown.rtc$TMZ     1000b7f0     dllmain.obj
 0002:000017f4       __RTC_Shutdown.rtc$TMZ     1000b7f4     txt.obj
 0002:00001800       __unwindtable$?_Adopt@_Iterator_base12@std@@QAEXPBU_Container_base12@2@@Z 1000b800     txt.obj
 0002:00001810       __ehfuncinfo$?_Adopt@_Iterator_base12@std@@QAEXPBU_Container_base12@2@@Z 1000b810     txt.obj
 0002:00001834       __unwindtable$??0?$_String_alloc@$0A@U?$_String_base_types@DV?$allocator@D@std@@@std@@@std@@QAE@ABV?$allocator@D@1@@Z 1000b834     txt.obj
 0002:0000183c       __ehfuncinfo$??0?$_String_alloc@$0A@U?$_String_base_types@DV?$allocator@D@std@@@std@@@std@@QAE@ABV?$allocator@D@1@@Z 1000b83c     txt.obj
 0002:00001860       __unwindtable$??0?$basic_string@DU?$char_traits@D@std@@V?$allocator@D@2@@std@@QAE@XZ 1000b860     txt.obj
 0002:00001868       __ehfuncinfo$??0?$basic_string@DU?$char_traits@D@std@@V?$allocator@D@2@@std@@QAE@XZ 1000b868     txt.obj
 0002:0000188c       __unwindtable$??0?$basic_string@DU?$char_traits@D@std@@V?$allocator@D@2@@std@@QAE@PBD@Z 1000b88c     txt.obj
 0002:00001894       __ehfuncinfo$??0?$basic_string@DU?$char_traits@D@std@@V?$allocator@D@2@@std@@QAE@PBD@Z 1000b894     txt.obj
 0002:000018b8       __unwindtable$??0?$basic_string@DU?$char_traits@D@std@@V?$allocator@D@2@@std@@QAE@ID@Z 1000b8b8     txt.obj
 0002:000018c0       __ehfuncinfo$??0?$basic_string@DU?$char_traits@D@std@@V?$allocator@D@2@@std@@QAE@ID@Z 1000b8c0     txt.obj
 0002:000018e4       __catchsym$?_Copy@?$basic_string@DU?$char_traits@D@std@@V?$allocator@D@2@@std@@QAEXII@Z$5 1000b8e4     txt.obj
 0002:000018f4       __catchsym$?_Copy@?$basic_string@DU?$char_traits@D@std@@V?$allocator@D@2@@std@@QAEXII@Z$4 1000b8f4     txt.obj
 0002:00001904       __unwindtable$?_Copy@?$basic_string@DU?$char_traits@D@std@@V?$allocator@D@2@@std@@QAEXII@Z 1000b904     txt.obj
 0002:00001924       __ehfuncinfo$?_Copy@?$basic_string@DU?$char_traits@D@std@@V?$allocator@D@2@@std@@QAEXII@Z 1000b924     txt.obj
 0002:00001948       __tryblocktable$?_Copy@?$basic_string@DU?$char_traits@D@std@@V?$allocator@D@2@@std@@QAEXII@Z 1000b948     txt.obj
 0002:00001970       __catchsym$_importData$3   1000b970     txt.obj
 0002:00001980       __tryblocktable$_importData 1000b980     txt.obj
 0002:00001994       __unwindtable$_importData  1000b994     txt.obj
 0002:000019ac       __ehfuncinfo$_importData   1000b9ac     txt.obj
 0002:000019d0       __unwindtable$??0?$basic_ifstream@DU?$char_traits@D@std@@@std@@QAE@PBDHH@Z 1000b9d0     txt.obj
 0002:000019e8       __ehfuncinfo$??0?$basic_ifstream@DU?$char_traits@D@std@@@std@@QAE@PBDHH@Z 1000b9e8     txt.obj
 0002:00001a0c       __unwindtable$??0?$basic_filebuf@DU?$char_traits@D@std@@@std@@QAE@PAU_iobuf@@@Z 1000ba0c     txt.obj
 0002:00001a14       __ehfuncinfo$??0?$basic_filebuf@DU?$char_traits@D@std@@@std@@QAE@PAU_iobuf@@@Z 1000ba14     txt.obj
 0002:00001a38       __unwindtable$?open@?$basic_filebuf@DU?$char_traits@D@std@@@std@@QAEPAV12@PBDHH@Z 1000ba38     txt.obj
 0002:00001a40       __ehfuncinfo$?open@?$basic_filebuf@DU?$char_traits@D@std@@@std@@QAEPAV12@PBDHH@Z 1000ba40     txt.obj
 0002:00001a64       __ehfuncinfo$?overflow@?$basic_filebuf@DU?$char_traits@D@std@@@std@@MAEHH@Z 1000ba64     txt.obj
 0002:00001a88       __unwindtable$?overflow@?$basic_filebuf@DU?$char_traits@D@std@@@std@@MAEHH@Z 1000ba88     txt.obj
 0002:00001ab0       __ehfuncinfo$?uflow@?$basic_filebuf@DU?$char_traits@D@std@@@std@@MAEHXZ 1000bab0     txt.obj
 0002:00001ad4       __unwindtable$?uflow@?$basic_filebuf@DU?$char_traits@D@std@@@std@@MAEHXZ 1000bad4     txt.obj
 0002:00001b04       __ehfuncinfo$?_Endwrite@?$basic_filebuf@DU?$char_traits@D@std@@@std@@IAE_NXZ 1000bb04     txt.obj
 0002:00001b28       __unwindtable$?_Endwrite@?$basic_filebuf@DU?$char_traits@D@std@@@std@@IAE_NXZ 1000bb28     txt.obj
 0002:00001b50       __unwindtable$??0?$_String_const_iterator@V?$_String_val@U?$_Simple_types@D@std@@@std@@@std@@QAE@PBDPBU_Container_base12@1@@Z 1000bb50     txt.obj
 0002:00001b58       __ehfuncinfo$??0?$_String_const_iterator@V?$_String_val@U?$_Simple_types@D@std@@@std@@@std@@QAE@PBDPBU_Container_base12@1@@Z 1000bb58     txt.obj
 0002:00001b7c       __unwindtable$??$use_facet@V?$codecvt@DDH@std@@@std@@YAABV?$codecvt@DDH@0@ABVlocale@0@@Z 1000bb7c     txt.obj
 0002:00001b84       __ehfuncinfo$??$use_facet@V?$codecvt@DDH@std@@@std@@YAABV?$codecvt@DDH@0@ABVlocale@0@@Z 1000bb84     txt.obj
 0002:00001ba8       __unwindtable$??$construct@U_Container_proxy@std@@U12@@?$allocator@U_Container_proxy@std@@@std@@QAEXPAU_Container_proxy@1@$$QAU21@@Z 1000bba8     txt.obj
 0002:00001bb0       __ehfuncinfo$??$construct@U_Container_proxy@std@@U12@@?$allocator@U_Container_proxy@std@@@std@@QAEXPAU_Container_proxy@1@$$QAU21@@Z 1000bbb0     txt.obj
 0002:00001bd4       __unwindtable$??$construct@PADAAPAD@?$allocator@D@std@@QAEXPAPADAAPAD@Z 1000bbd4     txt.obj
 0002:00001bdc       __ehfuncinfo$??$construct@PADAAPAD@?$allocator@D@std@@QAEXPAPADAAPAD@Z 1000bbdc     txt.obj
 0002:00001c58       __sehtable$__onexit        1000bc58     MSVCRTD:atonexit.obj
 0002:00001c78       __sehtable$___DllMainCRTStartup 1000bc78     MSVCRTD:crtdll.obj
 0002:00001ca0       __sehtable$?DebuggerProbe@@YAHK@Z 1000bca0     MSVCRTD:error.obj
 0002:00001cc0       __sehtable$?DebuggerRuntime@@YAHKHPAXPB_W@Z 1000bcc0     MSVCRTD:error.obj
 0002:00001ce0       __sehtable$??_M@YGXPAXIHP6EX0@Z@Z 1000bce0     MSVCRTD:ehvecdtr.obj
 0002:00001d00       __sehtable$?__ArrayUnwind@@YGXPAXIHP6EX0@Z@Z 1000bd00     MSVCRTD:ehvecdtr.obj
 0002:00001d20       __sehtable$__IsNonwritableInCurrentImage 1000bd20     MSVCRTD:pesect.obj
 0002:00001d3c       __unwindtable$?_Facet_Register@std@@YAXPAV_Facet_base@1@@Z 1000bd3c     msvcprtd:locale0_implib.obj
 0002:00001d44       __ehfuncinfo$?_Facet_Register@std@@YAXPAV_Facet_base@1@@Z 1000bd44     msvcprtd:locale0_implib.obj
 0002:000021a0       .idata$6                   1000c1a0     MSVCRTD:MSVCR110D.dll
 0002:00002dc4       .idata$6                   1000cdc4     msvcprtd:MSVCP110D.dll
 0002:00003010       .idata$6                   1000d010     kernel32:KERNEL32.dll
 0002:00003020       .edata                     1000d020     dll_TXT.exp
 0002:00003048       rgpv                       1000d048     dll_TXT.exp
 0002:0000304c       rgszName                   1000d04c     dll_TXT.exp
 0002:00003050       rgwOrd                     1000d050     dll_TXT.exp
 0002:00003052       szName                     1000d052     dll_TXT.exp
 0002:0000305e       $N00001                    1000d05e     dll_TXT.exp
 0003:0000027c       _piecewise_construct       1000e27c     txt.obj
 0003:0000027d       _allocator_arg             1000e27d     txt.obj
 0003:00000294       ?init@?1??_RTC_InitBase@@9@4_NA 1000e294     MSVCRTD:init.obj
 0003:00000298       ___proc_attached           1000e298     MSVCRTD:crtdll.obj
 0003:0000029c       __RTC_ErrorReportFunc      1000e29c     MSVCRTD:userapi.obj
 0003:000002a0       __RTC_ErrorReportFuncW     1000e2a0     MSVCRTD:userapi.obj
 0003:000002a8       _GS_ExceptionRecord        1000e2a8     MSVCRTD:gs_report.obj
 0003:000002f8       _GS_ContextRecord          1000e2f8     MSVCRTD:gs_report.obj
 0003:000005c4       _DebuggerWasPresent        1000e5c4     MSVCRTD:gs_report.obj
 0003:000005d0       _mspdb                     1000e5d0     MSVCRTD:pdblkup.obj
 0003:000005d4       ?alreadyTried@?1??GetPdbDll@@YAPAUHINSTANCE__@@XZ@4_NA 1000e5d4     MSVCRTD:pdblkup.obj
 0003:000005d5       ?PDBOK@?BM@??_RTC_GetSrcLine@@YAHPAEPA_WKPAH1K@Z@4_NA 1000e5d5     MSVCRTD:pdblkup.obj
 0003:000005d8       __Fac_head                 1000e5d8     msvcprtd:locale0_implib.obj
 0003:000005dc       _allocator_arg             1000e5dc     msvcprtd:locale0_implib.obj
 0003:000005dd       _piecewise_construct       1000e5dd     msvcprtd:locale0_implib.obj
 0003:000005de       __Fac_tidy_reg             1000e5de     msvcprtd:locale0_implib.obj
 0004:00000060       $R000000                   1000f060     * linker generated manifest res *
